
*** Running vivado
    with args -log fft_top.vds -m64 -product Vivado -mode batch -messageDb vivado.pb -notrace -source fft_top.tcl



****** Vivado v2022.2 (64-bit)
  **** SW Build 3671981 on Fri Oct 14 05:00:03 MDT 2022
  **** IP Build 3669848 on Fri Oct 14 08:30:02 MDT 2022
    ** Copyright 1986-2022 Xilinx, Inc. All Rights Reserved.

source fft_top.tcl -notrace
create_project: Time (s): cpu = 00:00:07 ; elapsed = 00:00:08 . Memory (MB): peak = 1002.965 ; gain = 118.469
Command: synth_design -top fft_top -part xc7s50csga324-1
Starting synth_design
Attempting to get a license for feature 'Synthesis' and/or device 'xc7s50'
INFO: [Common 17-349] Got license for feature 'Synthesis' and/or device 'xc7s50'
INFO: [Synth 8-7079] Multithreading enabled for synth_design using a maximum of 2 processes.
INFO: [Synth 8-7078] Launching helper process for spawning children vivado processes
INFO: [Synth 8-7075] Helper process launched with PID 3668
INFO: [Synth 8-11241] undeclared symbol 'REGCCE', assumed default net type 'wire' [C:/Xilinx/Vivado/2022.2/data/verilog/src/unimacro/BRAM_SINGLE_MACRO.v:2170]
---------------------------------------------------------------------------------
Starting Synthesize : Time (s): cpu = 00:00:05 ; elapsed = 00:00:08 . Memory (MB): peak = 1442.121 ; gain = 414.320
---------------------------------------------------------------------------------
INFO: [Synth 8-6157] synthesizing module 'fft_top' [C:/Users/karti/Documents/ECE_385/FFT_Project/FFT_Project.srcs/sources_1/new/fft_top.sv:3]
INFO: [Synth 8-6157] synthesizing module 'fft_control' [C:/Users/karti/Documents/ECE_385/FFT_Project/FFT_Project.srcs/sources_1/new/fft_control.sv:1]
	Parameter FFT_SIZE bound to: 8 - type: integer 
INFO: [Synth 8-155] case statement is not full and has no default [C:/Users/karti/Documents/ECE_385/FFT_Project/FFT_Project.srcs/sources_1/new/fft_control.sv:55]
INFO: [Synth 8-155] case statement is not full and has no default [C:/Users/karti/Documents/ECE_385/FFT_Project/FFT_Project.srcs/sources_1/new/fft_control.sv:101]
INFO: [Synth 8-6155] done synthesizing module 'fft_control' (0#1) [C:/Users/karti/Documents/ECE_385/FFT_Project/FFT_Project.srcs/sources_1/new/fft_control.sv:1]
INFO: [Synth 8-6157] synthesizing module 'fft_address_gen' [C:/Users/karti/Documents/ECE_385/FFT_Project/FFT_Project.srcs/sources_1/new/fft_address_gen.sv:1]
	Parameter FFT_SIZE bound to: 8 - type: integer 
INFO: [Synth 8-6155] done synthesizing module 'fft_address_gen' (0#1) [C:/Users/karti/Documents/ECE_385/FFT_Project/FFT_Project.srcs/sources_1/new/fft_address_gen.sv:1]
INFO: [Synth 8-6157] synthesizing module 'twiddle_rom' [C:/Users/karti/Documents/ECE_385/FFT_Project/FFT_Project.srcs/sources_1/new/twiddle_rom.sv:23]
	Parameter WIDTH bound to: 16 - type: integer 
	Parameter FFT_SIZE bound to: 8 - type: integer 
INFO: [Synth 8-6155] done synthesizing module 'twiddle_rom' (0#1) [C:/Users/karti/Documents/ECE_385/FFT_Project/FFT_Project.srcs/sources_1/new/twiddle_rom.sv:23]
INFO: [Synth 8-6157] synthesizing module 'fft_bram' [C:/Users/karti/Documents/ECE_385/FFT_Project/FFT_Project.srcs/sources_1/new/fft_bram.sv:23]
	Parameter WIDTH bound to: 16 - type: integer 
	Parameter DEPTH bound to: 8 - type: integer 
INFO: [Synth 8-6155] done synthesizing module 'fft_bram' (0#1) [C:/Users/karti/Documents/ECE_385/FFT_Project/FFT_Project.srcs/sources_1/new/fft_bram.sv:23]
INFO: [Synth 8-6157] synthesizing module 'butterfly' [C:/Users/karti/Documents/ECE_385/FFT_Project/FFT_Project.srcs/sources_1/new/butterfly.sv:23]
	Parameter WIDTH bound to: 16 - type: integer 
INFO: [Synth 8-6155] done synthesizing module 'butterfly' (0#1) [C:/Users/karti/Documents/ECE_385/FFT_Project/FFT_Project.srcs/sources_1/new/butterfly.sv:23]
INFO: [Synth 8-6155] done synthesizing module 'fft_top' (0#1) [C:/Users/karti/Documents/ECE_385/FFT_Project/FFT_Project.srcs/sources_1/new/fft_top.sv:3]
---------------------------------------------------------------------------------
Finished Synthesize : Time (s): cpu = 00:00:07 ; elapsed = 00:00:10 . Memory (MB): peak = 1534.125 ; gain = 506.324
---------------------------------------------------------------------------------
---------------------------------------------------------------------------------
Finished Constraint Validation : Time (s): cpu = 00:00:08 ; elapsed = 00:00:11 . Memory (MB): peak = 1534.125 ; gain = 506.324
---------------------------------------------------------------------------------
---------------------------------------------------------------------------------
Start Loading Part and Timing Information
---------------------------------------------------------------------------------
Loading part: xc7s50csga324-1
INFO: [Device 21-403] Loading part xc7s50csga324-1
---------------------------------------------------------------------------------
Finished Loading Part and Timing Information : Time (s): cpu = 00:00:08 ; elapsed = 00:00:12 . Memory (MB): peak = 1534.125 ; gain = 506.324
---------------------------------------------------------------------------------
INFO: [Synth 8-802] inferred FSM for state register 'state_reg' in module 'fft_control'
---------------------------------------------------------------------------------------------------
                   State |                     New Encoding |                Previous Encoding 
---------------------------------------------------------------------------------------------------
                    IDLE |                              000 |                              000
              INIT_STAGE |                              001 |                              001
                 COMPUTE |                              010 |                              010
          DRAIN_PIPELINE |                              011 |                              011
                  FINISH |                              100 |                              101
              NEXT_STAGE |                              101 |                              100
---------------------------------------------------------------------------------------------------
INFO: [Synth 8-3354] encoded FSM with state register 'state_reg' using encoding 'sequential' in module 'fft_control'
---------------------------------------------------------------------------------
Finished RTL Optimization Phase 2 : Time (s): cpu = 00:00:09 ; elapsed = 00:00:12 . Memory (MB): peak = 1534.125 ; gain = 506.324
---------------------------------------------------------------------------------
No constraint files found.
---------------------------------------------------------------------------------
Start RTL Component Statistics 
---------------------------------------------------------------------------------
Detailed RTL Component Info : 
+---Adders : 
	   3 Input   32 Bit       Adders := 1     
	   2 Input   32 Bit       Adders := 1     
	   2 Input   16 Bit       Adders := 2     
	   3 Input   16 Bit       Adders := 2     
	   2 Input    4 Bit       Adders := 1     
	   2 Input    3 Bit       Adders := 2     
	   2 Input    2 Bit       Adders := 1     
+---Registers : 
	               16 Bit    Registers := 30    
	                4 Bit    Registers := 2     
	                3 Bit    Registers := 14    
	                2 Bit    Registers := 2     
	                1 Bit    Registers := 18    
+---RAMs : 
	              128 Bit	(8 X 16 bit)          RAMs := 2     
+---Muxes : 
	   9 Input   16 Bit        Muxes := 2     
	   2 Input   16 Bit        Muxes := 6     
	   6 Input    4 Bit        Muxes := 2     
	   4 Input    3 Bit        Muxes := 3     
	   6 Input    3 Bit        Muxes := 2     
	   2 Input    3 Bit        Muxes := 8     
	   6 Input    2 Bit        Muxes := 1     
	   6 Input    1 Bit        Muxes := 9     
	   2 Input    1 Bit        Muxes := 1     
---------------------------------------------------------------------------------
Finished RTL Component Statistics 
---------------------------------------------------------------------------------
---------------------------------------------------------------------------------
Start Part Resource Summary
---------------------------------------------------------------------------------
Part Resources:
DSPs: 120 (col length:60)
BRAMs: 150 (col length: RAMB18 60 RAMB36 30)
---------------------------------------------------------------------------------
Finished Part Resource Summary
---------------------------------------------------------------------------------
No constraint files found.
---------------------------------------------------------------------------------
Start Cross Boundary and Area Optimization
---------------------------------------------------------------------------------
WARNING: [Synth 8-7080] Parallel synthesis criteria is not met
WARNING: [Synth 8-3936] Found unconnected internal register 'bfu/prod2_r_reg' and it is trimmed from '32' to '31' bits. [C:/Users/karti/Documents/ECE_385/FFT_Project/FFT_Project.srcs/sources_1/new/butterfly.sv:106]
WARNING: [Synth 8-3936] Found unconnected internal register 'bfu/prod2_reg' and it is trimmed from '32' to '31' bits. [C:/Users/karti/Documents/ECE_385/FFT_Project/FFT_Project.srcs/sources_1/new/butterfly.sv:97]
WARNING: [Synth 8-3936] Found unconnected internal register 'bfu/prod3_r_reg' and it is trimmed from '32' to '31' bits. [C:/Users/karti/Documents/ECE_385/FFT_Project/FFT_Project.srcs/sources_1/new/butterfly.sv:107]
WARNING: [Synth 8-3936] Found unconnected internal register 'bfu/prod3_reg' and it is trimmed from '32' to '31' bits. [C:/Users/karti/Documents/ECE_385/FFT_Project/FFT_Project.srcs/sources_1/new/butterfly.sv:98]
DSP Report: Generating DSP bfu/prod4_r_reg, operation Mode is: (A2*B'')'.
DSP Report: register tw_rom/tw_re_reg is absorbed into DSP bfu/prod4_r_reg.
DSP Report: register bfu/tw_re_r0_reg is absorbed into DSP bfu/prod4_r_reg.
DSP Report: register bfu/x1_im_r0_reg is absorbed into DSP bfu/prod4_r_reg.
DSP Report: register bfu/prod4_r_reg is absorbed into DSP bfu/prod4_r_reg.
DSP Report: register bfu/prod4_reg is absorbed into DSP bfu/prod4_r_reg.
DSP Report: operator bfu/prod40 is absorbed into DSP bfu/prod4_r_reg.
DSP Report: Generating DSP bfu/prod3_r_reg, operation Mode is: (A2*B'')'.
DSP Report: register tw_rom/tw_im_reg is absorbed into DSP bfu/prod3_r_reg.
DSP Report: register bfu/tw_im_r0_reg is absorbed into DSP bfu/prod3_r_reg.
DSP Report: register bfu/x1_re_r0_reg is absorbed into DSP bfu/prod3_r_reg.
DSP Report: register bfu/prod3_r_reg is absorbed into DSP bfu/prod3_r_reg.
DSP Report: register bfu/prod3_reg is absorbed into DSP bfu/prod3_r_reg.
DSP Report: operator bfu/prod30 is absorbed into DSP bfu/prod3_r_reg.
DSP Report: Generating DSP bfu/prod2_r_reg, operation Mode is: (A2*B'')'.
DSP Report: register tw_rom/tw_im_reg is absorbed into DSP bfu/prod2_r_reg.
DSP Report: register bfu/x1_im_r0_reg is absorbed into DSP bfu/prod2_r_reg.
DSP Report: register bfu/tw_im_r0_reg is absorbed into DSP bfu/prod2_r_reg.
DSP Report: register bfu/prod2_r_reg is absorbed into DSP bfu/prod2_r_reg.
DSP Report: register bfu/prod2_reg is absorbed into DSP bfu/prod2_r_reg.
DSP Report: operator bfu/prod20 is absorbed into DSP bfu/prod2_r_reg.
DSP Report: Generating DSP bfu/prod1_r_reg, operation Mode is: (A2*B'')'.
DSP Report: register tw_rom/tw_re_reg is absorbed into DSP bfu/prod1_r_reg.
DSP Report: register bfu/x1_re_r0_reg is absorbed into DSP bfu/prod1_r_reg.
DSP Report: register bfu/tw_re_r0_reg is absorbed into DSP bfu/prod1_r_reg.
DSP Report: register bfu/prod1_r_reg is absorbed into DSP bfu/prod1_r_reg.
DSP Report: register bfu/prod1_reg is absorbed into DSP bfu/prod1_r_reg.
DSP Report: operator bfu/prod10 is absorbed into DSP bfu/prod1_r_reg.
---------------------------------------------------------------------------------
Finished Cross Boundary and Area Optimization : Time (s): cpu = 00:00:16 ; elapsed = 00:00:52 . Memory (MB): peak = 1720.051 ; gain = 692.250
---------------------------------------------------------------------------------
---------------------------------------------------------------------------------
Start ROM, RAM, DSP, Shift Register and Retiming Reporting
---------------------------------------------------------------------------------

Distributed RAM: Preliminary Mapping Report (see note below)
+------------+---------------------+-----------+----------------------+----------------+
|Module Name | RTL Object          | Inference | Size (Depth x Width) | Primitives     | 
+------------+---------------------+-----------+----------------------+----------------+
|fft_top     | data_mem/mem_im_reg | Implied   | 8 x 16               | RAM16X1D x 16  | 
|fft_top     | data_mem/mem_re_reg | Implied   | 8 x 16               | RAM16X1D x 16  | 
+------------+---------------------+-----------+----------------------+----------------+

Note: The table above is a preliminary report that shows the Distributed RAMs at the current stage of the synthesis flow. Some Distributed RAMs may be reimplemented as non Distributed RAM primitives later in the synthesis flow. Multiple instantiated RAMs are reported only once.

DSP: Preliminary Mapping Report (see note below. The ' indicates corresponding REG is set)
+------------+-------------+--------+--------+--------+--------+--------+------+------+------+------+-------+------+------+
|Module Name | DSP Mapping | A Size | B Size | C Size | D Size | P Size | AREG | BREG | CREG | DREG | ADREG | MREG | PREG | 
+------------+-------------+--------+--------+--------+--------+--------+------+------+------+------+-------+------+------+
|fft_top     | (A2*B'')'   | 16     | 16     | -      | -      | 32     | 1    | 2    | -    | -    | -     | 1    | 1    | 
|fft_top     | (A2*B'')'   | 16     | 16     | -      | -      | 32     | 1    | 2    | -    | -    | -     | 1    | 1    | 
|fft_top     | (A2*B'')'   | 16     | 16     | -      | -      | 32     | 1    | 2    | -    | -    | -     | 1    | 1    | 
|fft_top     | (A2*B'')'   | 16     | 16     | -      | -      | 32     | 1    | 2    | -    | -    | -     | 1    | 1    | 
+------------+-------------+--------+--------+--------+--------+--------+------+------+------+------+-------+------+------+

Note: The table above is a preliminary report that shows the DSPs inferred at the current stage of the synthesis flow. Some DSP may be reimplemented as non DSP primitives later in the synthesis flow. Multiple instantiated DSPs are reported only once.
---------------------------------------------------------------------------------
Finished ROM, RAM, DSP, Shift Register and Retiming Reporting
---------------------------------------------------------------------------------
No constraint files found.
---------------------------------------------------------------------------------
Start Timing Optimization
---------------------------------------------------------------------------------
---------------------------------------------------------------------------------
Finished Timing Optimization : Time (s): cpu = 00:00:16 ; elapsed = 00:00:52 . Memory (MB): peak = 1720.051 ; gain = 692.250
---------------------------------------------------------------------------------
---------------------------------------------------------------------------------
Start ROM, RAM, DSP, Shift Register and Retiming Reporting
---------------------------------------------------------------------------------

Distributed RAM: Final Mapping Report
+------------+---------------------+-----------+----------------------+----------------+
|Module Name | RTL Object          | Inference | Size (Depth x Width) | Primitives     | 
+------------+---------------------+-----------+----------------------+----------------+
|fft_top     | data_mem/mem_im_reg | Implied   | 8 x 16               | RAM16X1D x 16  | 
|fft_top     | data_mem/mem_re_reg | Implied   | 8 x 16               | RAM16X1D x 16  | 
+------------+---------------------+-----------+----------------------+----------------+

---------------------------------------------------------------------------------
Finished ROM, RAM, DSP, Shift Register and Retiming Reporting
---------------------------------------------------------------------------------
---------------------------------------------------------------------------------
Start Technology Mapping
---------------------------------------------------------------------------------
---------------------------------------------------------------------------------
Finished Technology Mapping : Time (s): cpu = 00:00:16 ; elapsed = 00:00:52 . Memory (MB): peak = 1720.051 ; gain = 692.250
---------------------------------------------------------------------------------
---------------------------------------------------------------------------------
Start IO Insertion
---------------------------------------------------------------------------------
---------------------------------------------------------------------------------
Start Flattening Before IO Insertion
---------------------------------------------------------------------------------
---------------------------------------------------------------------------------
Finished Flattening Before IO Insertion
---------------------------------------------------------------------------------
---------------------------------------------------------------------------------
Start Final Netlist Cleanup
---------------------------------------------------------------------------------
---------------------------------------------------------------------------------
Finished Final Netlist Cleanup
---------------------------------------------------------------------------------
---------------------------------------------------------------------------------
Finished IO Insertion : Time (s): cpu = 00:00:21 ; elapsed = 00:00:57 . Memory (MB): peak = 1720.051 ; gain = 692.250
---------------------------------------------------------------------------------
---------------------------------------------------------------------------------
Start Renaming Generated Instances
---------------------------------------------------------------------------------
---------------------------------------------------------------------------------
Finished Renaming Generated Instances : Time (s): cpu = 00:00:21 ; elapsed = 00:00:57 . Memory (MB): peak = 1720.051 ; gain = 692.250
---------------------------------------------------------------------------------
---------------------------------------------------------------------------------
Start Rebuilding User Hierarchy
---------------------------------------------------------------------------------
---------------------------------------------------------------------------------
Finished Rebuilding User Hierarchy : Time (s): cpu = 00:00:21 ; elapsed = 00:00:57 . Memory (MB): peak = 1720.051 ; gain = 692.250
---------------------------------------------------------------------------------
---------------------------------------------------------------------------------
Start Renaming Generated Ports
---------------------------------------------------------------------------------
---------------------------------------------------------------------------------
Finished Renaming Generated Ports : Time (s): cpu = 00:00:21 ; elapsed = 00:00:57 . Memory (MB): peak = 1720.051 ; gain = 692.250
---------------------------------------------------------------------------------
---------------------------------------------------------------------------------
Start Handling Custom Attributes
---------------------------------------------------------------------------------
---------------------------------------------------------------------------------
Finished Handling Custom Attributes : Time (s): cpu = 00:00:21 ; elapsed = 00:00:57 . Memory (MB): peak = 1720.051 ; gain = 692.250
---------------------------------------------------------------------------------
---------------------------------------------------------------------------------
Start Renaming Generated Nets
---------------------------------------------------------------------------------
---------------------------------------------------------------------------------
Finished Renaming Generated Nets : Time (s): cpu = 00:00:21 ; elapsed = 00:00:57 . Memory (MB): peak = 1720.051 ; gain = 692.250
---------------------------------------------------------------------------------
---------------------------------------------------------------------------------
Start ROM, RAM, DSP, Shift Register and Retiming Reporting
---------------------------------------------------------------------------------

Static Shift Register Report:
+------------+------------------------+--------+-------+--------------+--------------------+-------------------+--------+---------+
|Module Name | RTL Name               | Length | Width | Reset Signal | Pull out first Reg | Pull out last Reg | SRL16E | SRLC32E | 
+------------+------------------------+--------+-------+--------------+--------------------+-------------------+--------+---------+
|fft_top     | bfu/x0_im_r3_reg[15]   | 4      | 16    | NO           | NO                 | YES               | 16     | 0       | 
|fft_top     | bfu/x0_re_r3_reg[15]   | 4      | 16    | NO           | NO                 | YES               | 16     | 0       | 
|fft_top     | we_pipe_reg[5]         | 6      | 1     | YES          | NO                 | YES               | 1      | 0       | 
|fft_top     | wr_addr_y1_d_reg[5][2] | 6      | 3     | YES          | NO                 | YES               | 3      | 0       | 
|fft_top     | wr_addr_y0_d_reg[5][2] | 6      | 3     | YES          | NO                 | YES               | 3      | 0       | 
+------------+------------------------+--------+-------+--------------+--------------------+-------------------+--------+---------+

---------------------------------------------------------------------------------
Finished ROM, RAM, DSP, Shift Register and Retiming Reporting
---------------------------------------------------------------------------------
---------------------------------------------------------------------------------
Start Writing Synthesis Report
---------------------------------------------------------------------------------

DSP Final Report (the ' indicates corresponding REG is set)
+------------+---------------+--------+--------+--------+--------+--------+------+------+------+------+-------+------+------+
|Module Name | DSP Mapping   | A Size | B Size | C Size | D Size | P Size | AREG | BREG | CREG | DREG | ADREG | MREG | PREG | 
+------------+---------------+--------+--------+--------+--------+--------+------+------+------+------+-------+------+------+
|fft_top     | ((A''*B'')')' | 30     | 18     | -      | -      | 32     | 2    | 2    | -    | -    | -     | 1    | 1    | 
|fft_top     | ((A''*B'')')' | 30     | 18     | -      | -      | 31     | 2    | 2    | -    | -    | -     | 1    | 1    | 
|fft_top     | ((A''*B'')')' | 30     | 18     | -      | -      | 31     | 2    | 2    | -    | -    | -     | 1    | 1    | 
|fft_top     | ((A''*B'')')' | 30     | 18     | -      | -      | 32     | 2    | 2    | -    | -    | -     | 1    | 1    | 
+------------+---------------+--------+--------+--------+--------+--------+------+------+------+------+-------+------+------+


Report BlackBoxes: 
+-+--------------+----------+
| |BlackBox name |Instances |
+-+--------------+----------+
+-+--------------+----------+

Report Cell Usage: 
+------+---------+------+
|      |Cell     |Count |
+------+---------+------+
|1     |BUFG     |     1|
|2     |CARRY4   |    32|
|3     |DSP48E1  |     4|
|4     |LUT1     |     1|
|5     |LUT2     |   138|
|6     |LUT3     |    14|
|7     |LUT4     |    15|
|8     |LUT5     |     9|
|9     |LUT6     |    45|
|10    |RAM16X1D |    32|
|11    |SRL16E   |    39|
|12    |FDRE     |   297|
|13    |IBUF     |    42|
|14    |OBUF     |    34|
+------+---------+------+

Report Instance Areas: 
+------+-----------+------------+------+
|      |Instance   |Module      |Cells |
+------+-----------+------------+------+
|1     |top        |            |   703|
|2     |  bfu      |butterfly   |   428|
|3     |  ctrl     |fft_control |    64|
|4     |  data_mem |fft_bram    |    65|
+------+-----------+------------+------+
---------------------------------------------------------------------------------
Finished Writing Synthesis Report : Time (s): cpu = 00:00:21 ; elapsed = 00:00:57 . Memory (MB): peak = 1720.051 ; gain = 692.250
---------------------------------------------------------------------------------
Synthesis finished with 0 errors, 0 critical warnings and 5 warnings.
Synthesis Optimization Runtime : Time (s): cpu = 00:00:21 ; elapsed = 00:00:57 . Memory (MB): peak = 1720.051 ; gain = 692.250
Synthesis Optimization Complete : Time (s): cpu = 00:00:21 ; elapsed = 00:00:57 . Memory (MB): peak = 1720.051 ; gain = 692.250
INFO: [Project 1-571] Translating synthesized netlist
Netlist sorting complete. Time (s): cpu = 00:00:00 ; elapsed = 00:00:00.012 . Memory (MB): peak = 1728.871 ; gain = 0.000
INFO: [Netlist 29-17] Analyzing 68 Unisim elements for replacement
INFO: [Netlist 29-28] Unisim Transformation completed in 0 CPU seconds
INFO: [Project 1-570] Preparing netlist for logic optimization
INFO: [Opt 31-138] Pushed 0 inverter(s) to 0 load pin(s).
Netlist sorting complete. Time (s): cpu = 00:00:00 ; elapsed = 00:00:00.001 . Memory (MB): peak = 1822.281 ; gain = 0.000
INFO: [Project 1-111] Unisim Transformation Summary:
  A total of 32 instances were transformed.
  RAM16X1D => RAM32X1D (RAMD32(x2)): 32 instances

Synth Design complete, checksum: 7db082ed
INFO: [Common 17-83] Releasing license: Synthesis
29 Infos, 5 Warnings, 0 Critical Warnings and 0 Errors encountered.
synth_design completed successfully
synth_design: Time (s): cpu = 00:00:23 ; elapsed = 00:01:01 . Memory (MB): peak = 1822.281 ; gain = 819.316
INFO: [Common 17-1381] The checkpoint 'C:/Users/karti/Documents/ECE_385/FFT_Project/FFT_Project.runs/synth_1/fft_top.dcp' has been generated.
INFO: [runtcl-4] Executing : report_utilization -file fft_top_utilization_synth.rpt -pb fft_top_utilization_synth.pb
INFO: [Common 17-206] Exiting Vivado at Thu Nov 20 21:53:04 2025...
