Vivado Simulator v2022.2
Copyright 1986-1999, 2001-2022 Xilinx, Inc. All Rights Reserved.
Running: C:/Xilinx/Vivado/2022.2/bin/unwrapped/win64.o/xelab.exe --incr --debug typical --relax --mt 2 -L xil_defaultlib -L blk_mem_gen_v8_4_5 -L uvm -L unisims_ver -L unimacro_ver -L secureip -L xpm --snapshot fft_minimal_tb_behav xil_defaultlib.fft_minimal_tb xil_defaultlib.glbl -log elaborate.log 
Using 2 slave threads.
Starting static elaboration
Pass Through NonSizing Optimizer
Completed static elaboration
Starting simulation data flow analysis
WARNING: [XSIM 43-4099] "C:/Users/kcs-m/Documents/ece385/kp61ProjectsBranch/ECE_385/FFT_Project/FFT_Project.srcs/sources_1/new/fft_address_gen.sv" Line 1. Module fft_address_gen_default doesn't have a timescale but at least one module in design has a timescale.
WARNING: [XSIM 43-4099] "C:/Users/kcs-m/Documents/ece385/kp61ProjectsBranch/ECE_385/FFT_Project/FFT_Project.srcs/sources_1/new/butterfly.sv" Line 1. Module butterfly doesn't have a timescale but at least one module in design has a timescale.
WARNING: [XSIM 43-4099] "C:/Users/kcs-m/Documents/ece385/kp61ProjectsBranch/ECE_385/FFT_Project/FFT_Project.srcs/sources_1/new/fft_address_gen.sv" Line 1. Module fft_address_gen_default doesn't have a timescale but at least one module in design has a timescale.
WARNING: [XSIM 43-4099] "C:/Users/kcs-m/Documents/ece385/kp61ProjectsBranch/ECE_385/FFT_Project/FFT_Project.srcs/sources_1/new/butterfly.sv" Line 1. Module butterfly doesn't have a timescale but at least one module in design has a timescale.
Completed simulation data flow analysis
Time Resolution for simulation is 1ps
Compiling module blk_mem_gen_v8_4_5.blk_mem_gen_v8_4_5_output_stage(...
Compiling module blk_mem_gen_v8_4_5.blk_mem_gen_v8_4_5_output_stage(...
Compiling module blk_mem_gen_v8_4_5.blk_mem_gen_v8_4_5_softecc_outpu...
Compiling module blk_mem_gen_v8_4_5.blk_mem_gen_v8_4_5_mem_module(C_...
Compiling module blk_mem_gen_v8_4_5.blk_mem_gen_v8_4_5(C_FAMILY="spa...
Compiling module xil_defaultlib.blk_mem_gen_0
Compiling module xil_defaultlib.fft_control
Compiling module xil_defaultlib.fft_address_gen_default
Compiling module xil_defaultlib.fft_bram_default
Compiling module xil_defaultlib.butterfly
Compiling module xil_defaultlib.fft_top_default
Compiling module xil_defaultlib.fft_minimal_tb
Compiling module xil_defaultlib.glbl
Built simulation snapshot fft_minimal_tb_behav
