Time resolution is 1 ps
 Block Memory Generator module loading initial data...
 Block Memory Generator data initialization complete.
Block Memory Generator module fft_minimal_tb.dut.tw_rom.inst.\native_mem_module.blk_mem_gen_v8_4_5_inst  is using a behavioral model for simulation which will not precisely model memory collision behavior.

=================================================
TEST: DC Signal (Input 0.5)
=================================================

=== ALL FFT OUTPUT BINS ===
Bin | Mag(Approx) | Mag(Exact) | Error% | Real     | Imag     | Hex(Re)  | Hex(Im)
----|-------------|------------|--------|----------|----------|----------|----------
  0 |       16128 |   16128.00 |   0.00 |   -16128 |        0 | c100 | 0000  <-- PEAK
  1 |           0 |       0.00 |   0.00 |        0 |        0 | 0000 | 0000          
  2 |         258 |     254.28 |   1.46 |      254 |       12 | 00fe | 000c          
  3 |           0 |       0.00 |   0.00 |        0 |        0 | 0000 | 0000          
  4 |         262 |     254.23 |   3.06 |      253 |       25 | 00fd | 0019          
  5 |           0 |       0.00 |   0.00 |        0 |        0 | 0000 | 0000          
  6 |         265 |     254.85 |   3.98 |      252 |       38 | 00fc | 0026          
  7 |           0 |       0.00 |   0.00 |        0 |        0 | 0000 | 0000          
  8 |         268 |     254.95 |   5.12 |      250 |       50 | 00fa | 0032          
  9 |           0 |       0.00 |   0.00 |        0 |        0 | 0000 | 0000          
 10 |         269 |     254.42 |   5.73 |      247 |       61 | 00f7 | 003d          
 11 |           0 |       0.00 |   0.00 |        0 |        0 | 0000 | 0000          
 12 |         271 |     254.97 |   6.29 |      244 |       74 | 00f4 | 004a          
 13 |           0 |       0.00 |   0.00 |        0 |        0 | 0000 | 0000          
 14 |         272 |     255.88 |   6.30 |      241 |       86 | 00f1 | 0056          
 15 |           0 |       0.00 |   0.00 |        0 |        0 | 0000 | 0000          
 16 |         271 |     254.62 |   6.44 |      235 |       98 | 00eb | 0062          
 17 |           0 |       0.00 |   0.00 |        0 |        0 | 0000 | 0000          
 18 |         271 |     255.43 |   6.10 |      231 |      109 | 00e7 | 006d          
 19 |           0 |       0.00 |   0.00 |        0 |        0 | 0000 | 0000          
 20 |         270 |     255.00 |   5.88 |      225 |      120 | 00e1 | 0078          
 21 |           0 |       0.00 |   0.00 |        0 |        0 | 0000 | 0000          
 22 |         267 |     254.85 |   4.77 |      218 |      132 | 00da | 0084          
 23 |           0 |       0.00 |   0.00 |        0 |        0 | 0000 | 0000          
 24 |         264 |     255.16 |   3.46 |      212 |      142 | 00d4 | 008e          
 25 |           0 |       0.00 |   0.00 |        0 |        0 | 0000 | 0000          
 26 |         261 |     255.00 |   2.35 |      204 |      153 | 00cc | 0099          
 27 |           0 |       0.00 |   0.00 |        0 |        0 | 0000 | 0000          
 28 |         258 |     255.83 |   0.85 |      198 |      162 | 00c6 | 00a2          
 29 |           0 |       0.00 |   0.00 |        0 |        0 | 0000 | 0000          
 30 |         254 |     256.29 |   0.89 |      190 |      172 | 00be | 00ac          
 31 |           0 |       0.00 |   0.00 |        0 |        0 | 0000 | 0000          
 32 |         248 |     255.27 |   2.85 |      180 |      181 | 00b4 | 00b5          
 33 |           0 |       0.00 |   0.00 |        0 |        0 | 0000 | 0000          
 34 |         254 |     256.29 |   0.89 |      172 |      190 | 00ac | 00be          
 35 |           0 |       0.00 |   0.00 |        0 |        0 | 0000 | 0000          
 36 |         258 |     255.83 |   0.85 |      162 |      198 | 00a2 | 00c6          
 37 |           0 |       0.00 |   0.00 |        0 |        0 | 0000 | 0000          
 38 |         260 |     254.61 |   2.12 |      151 |      205 | 0097 | 00cd          
 39 |           0 |       0.00 |   0.00 |        0 |        0 | 0000 | 0000          
 40 |         264 |     254.61 |   3.69 |      141 |      212 | 008d | 00d4          
 41 |           0 |       0.00 |   0.00 |        0 |        0 | 0000 | 0000          
 42 |         267 |     254.68 |   4.84 |      130 |      219 | 0082 | 00db          
 43 |           0 |       0.00 |   0.00 |        0 |        0 | 0000 | 0000          
 44 |         269 |     255.42 |   5.32 |      119 |      226 | 0077 | 00e2          
 45 |           0 |       0.00 |   0.00 |        0 |        0 | 0000 | 0000          
 46 |         271 |     255.43 |   6.10 |      109 |      231 | 006d | 00e7          
 47 |           0 |       0.00 |   0.00 |        0 |        0 | 0000 | 0000          
 48 |         272 |     255.16 |   6.60 |       97 |      236 | 0061 | 00ec          
 49 |           0 |       0.00 |   0.00 |        0 |        0 | 0000 | 0000          
 50 |         272 |     255.88 |   6.30 |       86 |      241 | 0056 | 00f1          
 51 |           0 |       0.00 |   0.00 |        0 |        0 | 0000 | 0000          
 52 |         272 |     255.64 |   6.40 |       73 |      245 | 0049 | 00f5          
 53 |           0 |       0.00 |   0.00 |        0 |        0 | 0000 | 0000          
 54 |         270 |     255.63 |   5.62 |       62 |      248 | 003e | 00f8          
 55 |           0 |       0.00 |   0.00 |        0 |        0 | 0000 | 0000          
 56 |         269 |     255.93 |   5.11 |       50 |      251 | 0032 | 00fb          
 57 |           0 |       0.00 |   0.00 |        0 |        0 | 0000 | 0000          
 58 |         266 |     255.69 |   4.03 |       37 |      253 | 0025 | 00fd          
 59 |           0 |       0.00 |   0.00 |        0 |        0 | 0000 | 0000          
 60 |         264 |     256.22 |   3.04 |       25 |      255 | 0019 | 00ff          
 61 |           0 |       0.00 |   0.00 |        0 |        0 | 0000 | 0000          
 62 |         260 |     256.28 |   1.45 |       12 |      256 | 000c | 0100          
 63 |           0 |       0.00 |   0.00 |        0 |        0 | 0000 | 0000          
 64 |         256 |     256.00 |   0.00 |       -1 |      256 | ffff | 0100          
 65 |           0 |       0.00 |   0.00 |        0 |        0 | 0000 | 0000          
 66 |         260 |     256.33 |   1.43 |      -13 |      256 | fff3 | 0100          
 67 |           0 |       0.00 |   0.00 |        0 |        0 | 0000 | 0000          
 68 |         263 |     255.23 |   3.05 |      -25 |      254 | ffe7 | 00fe          
 69 |           0 |       0.00 |   0.00 |        0 |        0 | 0000 | 0000          
 70 |         266 |     255.84 |   3.97 |      -38 |      253 | ffda | 00fd          
 71 |           0 |       0.00 |   0.00 |        0 |        0 | 0000 | 0000          
 72 |         269 |     255.93 |   5.11 |      -50 |      251 | ffce | 00fb          
 73 |           0 |       0.00 |   0.00 |        0 |        0 | 0000 | 0000          
 74 |         270 |     255.88 |   5.52 |      -63 |      248 | ffc1 | 00f8          
 75 |           0 |       0.00 |   0.00 |        0 |        0 | 0000 | 0000          
 76 |         271 |     255.27 |   6.16 |      -75 |      244 | ffb5 | 00f4          
 77 |           0 |       0.00 |   0.00 |        0 |        0 | 0000 | 0000          
 78 |         272 |     256.22 |   6.16 |      -87 |      241 | ffa9 | 00f1          
 79 |           0 |       0.00 |   0.00 |        0 |        0 | 0000 | 0000          
 80 |         272 |     255.92 |   6.28 |      -99 |      236 | ff9d | 00ec          
 81 |           0 |       0.00 |   0.00 |        0 |        0 | 0000 | 0000          
 82 |         271 |     255.85 |   5.92 |     -110 |      231 | ff92 | 00e7          
 83 |           0 |       0.00 |   0.00 |        0 |        0 | 0000 | 0000          
 84 |         271 |     256.35 |   5.71 |     -121 |      226 | ff87 | 00e2          
 85 |           0 |       0.00 |   0.00 |        0 |        0 | 0000 | 0000          
 86 |         268 |     255.70 |   4.81 |     -132 |      219 | ff7c | 00db          
 87 |           0 |       0.00 |   0.00 |        0 |        0 | 0000 | 0000          
 88 |         265 |     256.55 |   3.29 |     -143 |      213 | ff71 | 00d5          
 89 |           0 |       0.00 |   0.00 |        0 |        0 | 0000 | 0000          
 90 |         262 |     255.80 |   2.42 |     -153 |      205 | ff67 | 00cd          
 91 |           0 |       0.00 |   0.00 |        0 |        0 | 0000 | 0000          
 92 |         258 |     256.46 |   0.60 |     -163 |      198 | ff5d | 00c6          
 93 |           0 |       0.00 |   0.00 |        0 |        0 | 0000 | 0000          
 94 |         254 |     256.29 |   0.89 |     -172 |      190 | ff54 | 00be          
 95 |           0 |       0.00 |   0.00 |        0 |        0 | 0000 | 0000          
 96 |         248 |     255.97 |   3.11 |     -181 |      181 | ff4b | 00b5          
 97 |           0 |       0.00 |   0.00 |        0 |        0 | 0000 | 0000          
 98 |         254 |     256.29 |   0.89 |     -190 |      172 | ff42 | 00ac          
 99 |           0 |       0.00 |   0.00 |        0 |        0 | 0000 | 0000          
100 |         258 |     255.83 |   0.85 |     -198 |      162 | ff3a | 00a2          
101 |           0 |       0.00 |   0.00 |        0 |        0 | 0000 | 0000          
102 |         263 |     256.01 |   2.73 |     -206 |      152 | ff32 | 0098          
103 |           0 |       0.00 |   0.00 |        0 |        0 | 0000 | 0000          
104 |         265 |     255.99 |   3.52 |     -213 |      142 | ff2b | 008e          
105 |           0 |       0.00 |   0.00 |        0 |        0 | 0000 | 0000          
106 |         269 |     256.56 |   4.85 |     -220 |      132 | ff24 | 0084          
107 |           0 |       0.00 |   0.00 |        0 |        0 | 0000 | 0000          
108 |         272 |     257.24 |   5.74 |     -227 |      121 | ff1d | 0079          
109 |           0 |       0.00 |   0.00 |        0 |        0 | 0000 | 0000          
110 |         272 |     256.33 |   6.11 |     -232 |      109 | ff18 | 006d          
111 |           0 |       0.00 |   0.00 |        0 |        0 | 0000 | 0000          
112 |         273 |     256.46 |   6.45 |     -237 |       98 | ff13 | 0062          
113 |           0 |       0.00 |   0.00 |        0 |        0 | 0000 | 0000          
114 |         272 |     255.88 |   6.30 |     -241 |       86 | ff0f | 0056          
115 |           0 |       0.00 |   0.00 |        0 |        0 | 0000 | 0000          
116 |         273 |     256.89 |   6.27 |     -246 |       74 | ff0a | 004a          
117 |           0 |       0.00 |   0.00 |        0 |        0 | 0000 | 0000          
118 |         271 |     256.60 |   5.61 |     -249 |       62 | ff07 | 003e          
119 |           0 |       0.00 |   0.00 |        0 |        0 | 0000 | 0000          
120 |         269 |     255.93 |   5.11 |     -251 |       50 | ff05 | 0032          
121 |           0 |       0.00 |   0.00 |        0 |        0 | 0000 | 0000          
122 |         267 |     256.68 |   4.02 |     -254 |       37 | ff02 | 0025          
123 |           0 |       0.00 |   0.00 |        0 |        0 | 0000 | 0000          
124 |         264 |     256.22 |   3.04 |     -255 |       25 | ff01 | 0019          
125 |           0 |       0.00 |   0.00 |        0 |        0 | 0000 | 0000          
126 |         260 |     256.33 |   1.43 |     -256 |       13 | ff00 | 000d          
127 |           0 |       0.00 |   0.00 |        0 |        0 | 0000 | 0000          
128 |         256 |     256.00 |   0.00 |     -256 |        0 | ff00 | 0000          
129 |           0 |       0.00 |   0.00 |        0 |        0 | 0000 | 0000          
130 |         260 |     256.33 |   1.43 |     -256 |      -13 | ff00 | fff3          
131 |           0 |       0.00 |   0.00 |        0 |        0 | 0000 | 0000          
132 |         264 |     256.22 |   3.04 |     -255 |      -25 | ff01 | ffe7          
133 |           0 |       0.00 |   0.00 |        0 |        0 | 0000 | 0000          
134 |         267 |     256.83 |   3.96 |     -254 |      -38 | ff02 | ffda          
135 |           0 |       0.00 |   0.00 |        0 |        0 | 0000 | 0000          
136 |         269 |     255.93 |   5.11 |     -251 |      -50 | ff05 | ffce          
137 |           0 |       0.00 |   0.00 |        0 |        0 | 0000 | 0000          
138 |         270 |     255.88 |   5.52 |     -248 |      -63 | ff08 | ffc1          
139 |           0 |       0.00 |   0.00 |        0 |        0 | 0000 | 0000          
140 |         272 |     255.93 |   6.28 |     -245 |      -74 | ff0b | ffb6          
141 |           0 |       0.00 |   0.00 |        0 |        0 | 0000 | 0000          
142 |         272 |     255.88 |   6.30 |     -241 |      -86 | ff0f | ffaa          
143 |           0 |       0.00 |   0.00 |        0 |        0 | 0000 | 0000          
144 |         273 |     256.46 |   6.45 |     -237 |      -98 | ff13 | ff9e          
145 |           0 |       0.00 |   0.00 |        0 |        0 | 0000 | 0000          
146 |         271 |     255.85 |   5.92 |     -231 |     -110 | ff19 | ff92          
147 |           0 |       0.00 |   0.00 |        0 |        0 | 0000 | 0000          
148 |         271 |     256.35 |   5.71 |     -226 |     -121 | ff1e | ff87          
149 |           0 |       0.00 |   0.00 |        0 |        0 | 0000 | 0000          
150 |         269 |     256.56 |   4.85 |     -220 |     -132 | ff24 | ff7c          
151 |           0 |       0.00 |   0.00 |        0 |        0 | 0000 | 0000          
152 |         265 |     256.55 |   3.29 |     -213 |     -143 | ff2b | ff71          
153 |           0 |       0.00 |   0.00 |        0 |        0 | 0000 | 0000          
154 |         263 |     256.60 |   2.49 |     -206 |     -153 | ff32 | ff67          
155 |           0 |       0.00 |   0.00 |        0 |        0 | 0000 | 0000          
156 |         258 |     256.46 |   0.60 |     -198 |     -163 | ff3a | ff5d          
157 |           0 |       0.00 |   0.00 |        0 |        0 | 0000 | 0000          
158 |         254 |     256.29 |   0.89 |     -190 |     -172 | ff42 | ff54          
159 |           0 |       0.00 |   0.00 |        0 |        0 | 0000 | 0000          
160 |         249 |     256.68 |   2.99 |     -181 |     -182 | ff4b | ff4a          
161 |           0 |       0.00 |   0.00 |        0 |        0 | 0000 | 0000          
162 |         254 |     256.29 |   0.89 |     -172 |     -190 | ff54 | ff42          
163 |           0 |       0.00 |   0.00 |        0 |        0 | 0000 | 0000          
164 |         258 |     256.46 |   0.60 |     -163 |     -198 | ff5d | ff3a          
165 |           0 |       0.00 |   0.00 |        0 |        0 | 0000 | 0000          
166 |         263 |     256.60 |   2.49 |     -153 |     -206 | ff67 | ff32          
167 |           0 |       0.00 |   0.00 |        0 |        0 | 0000 | 0000          
168 |         266 |     256.83 |   3.57 |     -142 |     -214 | ff72 | ff2a          
169 |           0 |       0.00 |   0.00 |        0 |        0 | 0000 | 0000          
170 |         269 |     256.56 |   4.85 |     -132 |     -220 | ff7c | ff24          
171 |           0 |       0.00 |   0.00 |        0 |        0 | 0000 | 0000          
172 |         272 |     257.24 |   5.74 |     -121 |     -227 | ff87 | ff1d          
173 |           0 |       0.00 |   0.00 |        0 |        0 | 0000 | 0000          
174 |         272 |     256.76 |   5.94 |     -110 |     -232 | ff92 | ff18          
175 |           0 |       0.00 |   0.00 |        0 |        0 | 0000 | 0000          
176 |         273 |     256.85 |   6.29 |      -99 |     -237 | ff9d | ff13          
177 |           0 |       0.00 |   0.00 |        0 |        0 | 0000 | 0000          
178 |         272 |     256.22 |   6.16 |      -87 |     -241 | ffa9 | ff0f          
179 |           0 |       0.00 |   0.00 |        0 |        0 | 0000 | 0000          
180 |         272 |     256.22 |   6.16 |      -75 |     -245 | ffb5 | ff0b          
181 |           0 |       0.00 |   0.00 |        0 |        0 | 0000 | 0000          
182 |         271 |     256.85 |   5.51 |      -63 |     -249 | ffc1 | ff07          
183 |           0 |       0.00 |   0.00 |        0 |        0 | 0000 | 0000          
184 |         269 |     255.93 |   5.11 |      -50 |     -251 | ffce | ff05          
185 |           0 |       0.00 |   0.00 |        0 |        0 | 0000 | 0000          
186 |         267 |     256.68 |   4.02 |      -37 |     -254 | ffdb | ff02          
187 |           0 |       0.00 |   0.00 |        0 |        0 | 0000 | 0000          
188 |         264 |     256.22 |   3.04 |      -25 |     -255 | ffe7 | ff01          
189 |           0 |       0.00 |   0.00 |        0 |        0 | 0000 | 0000          
190 |         260 |     256.33 |   1.43 |      -13 |     -256 | fff3 | ff00          
191 |           0 |       0.00 |   0.00 |        0 |        0 | 0000 | 0000          
192 |         256 |     256.00 |   0.00 |       -1 |     -256 | ffff | ff00          
193 |           0 |       0.00 |   0.00 |        0 |        0 | 0000 | 0000          
194 |         260 |     256.33 |   1.43 |       13 |     -256 | 000d | ff00          
195 |           0 |       0.00 |   0.00 |        0 |        0 | 0000 | 0000          
196 |         264 |     256.22 |   3.04 |       25 |     -255 | 0019 | ff01          
197 |           0 |       0.00 |   0.00 |        0 |        0 | 0000 | 0000          
198 |         267 |     256.68 |   4.02 |       37 |     -254 | 0025 | ff02          
199 |           0 |       0.00 |   0.00 |        0 |        0 | 0000 | 0000          
200 |         269 |     255.93 |   5.11 |       50 |     -251 | 0032 | ff05          
201 |           0 |       0.00 |   0.00 |        0 |        0 | 0000 | 0000          
202 |         271 |     256.60 |   5.61 |       62 |     -249 | 003e | ff07          
203 |           0 |       0.00 |   0.00 |        0 |        0 | 0000 | 0000          
204 |         273 |     256.89 |   6.27 |       74 |     -246 | 004a | ff0a          
205 |           0 |       0.00 |   0.00 |        0 |        0 | 0000 | 0000          
206 |         272 |     255.88 |   6.30 |       86 |     -241 | 0056 | ff0f          
207 |           0 |       0.00 |   0.00 |        0 |        0 | 0000 | 0000          
208 |         273 |     256.46 |   6.45 |       98 |     -237 | 0062 | ff13          
209 |           0 |       0.00 |   0.00 |        0 |        0 | 0000 | 0000          
210 |         272 |     256.33 |   6.11 |      109 |     -232 | 006d | ff18          
211 |           0 |       0.00 |   0.00 |        0 |        0 | 0000 | 0000          
212 |         272 |     257.24 |   5.74 |      121 |     -227 | 0079 | ff1d          
213 |           0 |       0.00 |   0.00 |        0 |        0 | 0000 | 0000          
214 |         269 |     256.91 |   4.71 |      131 |     -221 | 0083 | ff23          
215 |           0 |       0.00 |   0.00 |        0 |        0 | 0000 | 0000          
216 |         266 |     256.28 |   3.79 |      141 |     -214 | 008d | ff2a          
217 |           0 |       0.00 |   0.00 |        0 |        0 | 0000 | 0000          
218 |         264 |     256.81 |   2.80 |      152 |     -207 | 0098 | ff31          
219 |           0 |       0.00 |   0.00 |        0 |        0 | 0000 | 0000          
220 |         258 |     255.83 |   0.85 |      162 |     -198 | 00a2 | ff3a          
221 |           0 |       0.00 |   0.00 |        0 |        0 | 0000 | 0000          
222 |         254 |     256.29 |   0.89 |      172 |     -190 | 00ac | ff42          
223 |           0 |       0.00 |   0.00 |        0 |        0 | 0000 | 0000          
224 |         249 |     255.98 |   2.73 |      180 |     -182 | 00b4 | ff4a          
225 |           0 |       0.00 |   0.00 |        0 |        0 | 0000 | 0000          
226 |         254 |     256.29 |   0.89 |      190 |     -172 | 00be | ff54          
227 |           0 |       0.00 |   0.00 |        0 |        0 | 0000 | 0000          
228 |         258 |     256.46 |   0.60 |      198 |     -163 | 00c6 | ff5d          
229 |           0 |       0.00 |   0.00 |        0 |        0 | 0000 | 0000          
230 |         262 |     256.40 |   2.18 |      205 |     -154 | 00cd | ff66          
231 |           0 |       0.00 |   0.00 |        0 |        0 | 0000 | 0000          
232 |         265 |     256.55 |   3.29 |      213 |     -143 | 00d5 | ff71          
233 |           0 |       0.00 |   0.00 |        0 |        0 | 0000 | 0000          
234 |         269 |     257.08 |   4.64 |      220 |     -133 | 00dc | ff7b          
235 |           0 |       0.00 |   0.00 |        0 |        0 | 0000 | 0000          
236 |         270 |     255.95 |   5.49 |      225 |     -122 | 00e1 | ff86          
237 |           0 |       0.00 |   0.00 |        0 |        0 | 0000 | 0000          
238 |         271 |     255.85 |   5.92 |      231 |     -110 | 00e7 | ff92          
239 |           0 |       0.00 |   0.00 |        0 |        0 | 0000 | 0000          
240 |         271 |     255.00 |   6.27 |      235 |      -99 | 00eb | ff9d          
241 |           0 |       0.00 |   0.00 |        0 |        0 | 0000 | 0000          
242 |         272 |     256.22 |   6.16 |      241 |      -87 | 00f1 | ffa9          
243 |           0 |       0.00 |   0.00 |        0 |        0 | 0000 | 0000          
244 |         273 |     256.52 |   6.43 |      245 |      -76 | 00f5 | ffb4          
245 |           0 |       0.00 |   0.00 |        0 |        0 | 0000 | 0000          
246 |         272 |     256.12 |   6.20 |      248 |      -64 | 00f8 | ffc0          
247 |           0 |       0.00 |   0.00 |        0 |        0 | 0000 | 0000          
248 |         268 |     255.15 |   5.04 |      250 |      -51 | 00fa | ffcd          
249 |           0 |       0.00 |   0.00 |        0 |        0 | 0000 | 0000          
250 |         266 |     255.99 |   3.91 |      253 |      -39 | 00fd | ffd9          
251 |           0 |       0.00 |   0.00 |        0 |        0 | 0000 | 0000          
252 |         262 |     254.33 |   3.01 |      253 |      -26 | 00fd | ffe6          
253 |           0 |       0.00 |   0.00 |        0 |        0 | 0000 | 0000          
254 |         258 |     254.39 |   1.42 |      254 |      -14 | 00fe | fff2          
255 |       16384 |   16384.00 |   0.00 |    16384 |        0 | 4000 | 0000  <-- PEAK

=== SUMMARY ===
Peak Bin:         255
Peak Magnitude (Approx):       16384
Peak Magnitude (Exact): 16384.00
Average Approximation Error: 3.95%

=================================================
TEST: Impulse (Input 1.0)
=================================================

=== ALL FFT OUTPUT BINS ===
Bin | Mag(Approx) | Mag(Exact) | Error% | Real     | Imag     | Hex(Re)  | Hex(Im)
----|-------------|------------|--------|----------|----------|----------|----------
  0 |         127 |     127.00 |   0.00 |      127 |        0 | 007f | 0000          
  1 |         127 |     127.00 |   0.00 |      127 |        0 | 007f | 0000          
  2 |         127 |     127.00 |   0.00 |      127 |        0 | 007f | 0000          
  3 |         127 |     127.00 |   0.00 |      127 |        0 | 007f | 0000          
  4 |         127 |     127.00 |   0.00 |      127 |        0 | 007f | 0000          
  5 |         127 |     127.00 |   0.00 |      127 |        0 | 007f | 0000          
  6 |         127 |     127.00 |   0.00 |      127 |        0 | 007f | 0000          
  7 |         127 |     127.00 |   0.00 |      127 |        0 | 007f | 0000          
  8 |         127 |     127.00 |   0.00 |      127 |        0 | 007f | 0000          
  9 |         127 |     127.00 |   0.00 |      127 |        0 | 007f | 0000          
 10 |         127 |     127.00 |   0.00 |      127 |        0 | 007f | 0000          
 11 |         127 |     127.00 |   0.00 |      127 |        0 | 007f | 0000          
 12 |         127 |     127.00 |   0.00 |      127 |        0 | 007f | 0000          
 13 |         127 |     127.00 |   0.00 |      127 |        0 | 007f | 0000          
 14 |         127 |     127.00 |   0.00 |      127 |        0 | 007f | 0000          
 15 |         127 |     127.00 |   0.00 |      127 |        0 | 007f | 0000          
 16 |         127 |     127.00 |   0.00 |      127 |        0 | 007f | 0000          
 17 |         127 |     127.00 |   0.00 |      127 |        0 | 007f | 0000          
 18 |         127 |     127.00 |   0.00 |      127 |        0 | 007f | 0000          
 19 |         127 |     127.00 |   0.00 |      127 |        0 | 007f | 0000          
 20 |         127 |     127.00 |   0.00 |      127 |        0 | 007f | 0000          
 21 |         127 |     127.00 |   0.00 |      127 |        0 | 007f | 0000          
 22 |         127 |     127.00 |   0.00 |      127 |        0 | 007f | 0000          
 23 |         127 |     127.00 |   0.00 |      127 |        0 | 007f | 0000          
 24 |         127 |     127.00 |   0.00 |      127 |        0 | 007f | 0000          
 25 |         127 |     127.00 |   0.00 |      127 |        0 | 007f | 0000          
 26 |         127 |     127.00 |   0.00 |      127 |        0 | 007f | 0000          
 27 |         127 |     127.00 |   0.00 |      127 |        0 | 007f | 0000          
 28 |         127 |     127.00 |   0.00 |      127 |        0 | 007f | 0000          
 29 |         127 |     127.00 |   0.00 |      127 |        0 | 007f | 0000          
 30 |         127 |     127.00 |   0.00 |      127 |        0 | 007f | 0000          
 31 |         127 |     127.00 |   0.00 |      127 |        0 | 007f | 0000          
 32 |         127 |     127.00 |   0.00 |      127 |        0 | 007f | 0000          
 33 |         127 |     127.00 |   0.00 |      127 |        0 | 007f | 0000          
 34 |         127 |     127.00 |   0.00 |      127 |        0 | 007f | 0000          
 35 |         127 |     127.00 |   0.00 |      127 |        0 | 007f | 0000          
 36 |         127 |     127.00 |   0.00 |      127 |        0 | 007f | 0000          
 37 |         127 |     127.00 |   0.00 |      127 |        0 | 007f | 0000          
 38 |         127 |     127.00 |   0.00 |      127 |        0 | 007f | 0000          
 39 |         127 |     127.00 |   0.00 |      127 |        0 | 007f | 0000          
 40 |         127 |     127.00 |   0.00 |      127 |        0 | 007f | 0000          
 41 |         127 |     127.00 |   0.00 |      127 |        0 | 007f | 0000          
 42 |         127 |     127.00 |   0.00 |      127 |        0 | 007f | 0000          
 43 |         127 |     127.00 |   0.00 |      127 |        0 | 007f | 0000          
 44 |         127 |     127.00 |   0.00 |      127 |        0 | 007f | 0000          
 45 |         127 |     127.00 |   0.00 |      127 |        0 | 007f | 0000          
 46 |         127 |     127.00 |   0.00 |      127 |        0 | 007f | 0000          
 47 |         127 |     127.00 |   0.00 |      127 |        0 | 007f | 0000          
 48 |         127 |     127.00 |   0.00 |      127 |        0 | 007f | 0000          
 49 |         127 |     127.00 |   0.00 |      127 |        0 | 007f | 0000          
 50 |         127 |     127.00 |   0.00 |      127 |        0 | 007f | 0000          
 51 |         127 |     127.00 |   0.00 |      127 |        0 | 007f | 0000          
 52 |         127 |     127.00 |   0.00 |      127 |        0 | 007f | 0000          
 53 |         127 |     127.00 |   0.00 |      127 |        0 | 007f | 0000          
 54 |         127 |     127.00 |   0.00 |      127 |        0 | 007f | 0000          
 55 |         127 |     127.00 |   0.00 |      127 |        0 | 007f | 0000          
 56 |         127 |     127.00 |   0.00 |      127 |        0 | 007f | 0000          
 57 |         127 |     127.00 |   0.00 |      127 |        0 | 007f | 0000          
 58 |         127 |     127.00 |   0.00 |      127 |        0 | 007f | 0000          
 59 |         127 |     127.00 |   0.00 |      127 |        0 | 007f | 0000          
 60 |         127 |     127.00 |   0.00 |      127 |        0 | 007f | 0000          
 61 |         127 |     127.00 |   0.00 |      127 |        0 | 007f | 0000          
 62 |         127 |     127.00 |   0.00 |      127 |        0 | 007f | 0000          
 63 |         127 |     127.00 |   0.00 |      127 |        0 | 007f | 0000          
 64 |         127 |     127.00 |   0.00 |      127 |        0 | 007f | 0000          
 65 |         127 |     127.00 |   0.00 |      127 |        0 | 007f | 0000          
 66 |         127 |     127.00 |   0.00 |      127 |        0 | 007f | 0000          
 67 |         127 |     127.00 |   0.00 |      127 |        0 | 007f | 0000          
 68 |         127 |     127.00 |   0.00 |      127 |        0 | 007f | 0000          
 69 |         127 |     127.00 |   0.00 |      127 |        0 | 007f | 0000          
 70 |         127 |     127.00 |   0.00 |      127 |        0 | 007f | 0000          
 71 |         127 |     127.00 |   0.00 |      127 |        0 | 007f | 0000          
 72 |         127 |     127.00 |   0.00 |      127 |        0 | 007f | 0000          
 73 |         127 |     127.00 |   0.00 |      127 |        0 | 007f | 0000          
 74 |         127 |     127.00 |   0.00 |      127 |        0 | 007f | 0000          
 75 |         127 |     127.00 |   0.00 |      127 |        0 | 007f | 0000          
 76 |         127 |     127.00 |   0.00 |      127 |        0 | 007f | 0000          
 77 |         127 |     127.00 |   0.00 |      127 |        0 | 007f | 0000          
 78 |         127 |     127.00 |   0.00 |      127 |        0 | 007f | 0000          
 79 |         127 |     127.00 |   0.00 |      127 |        0 | 007f | 0000          
 80 |         127 |     127.00 |   0.00 |      127 |        0 | 007f | 0000          
 81 |         127 |     127.00 |   0.00 |      127 |        0 | 007f | 0000          
 82 |         127 |     127.00 |   0.00 |      127 |        0 | 007f | 0000          
 83 |         127 |     127.00 |   0.00 |      127 |        0 | 007f | 0000          
 84 |         127 |     127.00 |   0.00 |      127 |        0 | 007f | 0000          
 85 |         127 |     127.00 |   0.00 |      127 |        0 | 007f | 0000          
 86 |         127 |     127.00 |   0.00 |      127 |        0 | 007f | 0000          
 87 |         127 |     127.00 |   0.00 |      127 |        0 | 007f | 0000          
 88 |         127 |     127.00 |   0.00 |      127 |        0 | 007f | 0000          
 89 |         127 |     127.00 |   0.00 |      127 |        0 | 007f | 0000          
 90 |         127 |     127.00 |   0.00 |      127 |        0 | 007f | 0000          
 91 |         127 |     127.00 |   0.00 |      127 |        0 | 007f | 0000          
 92 |         127 |     127.00 |   0.00 |      127 |        0 | 007f | 0000          
 93 |         127 |     127.00 |   0.00 |      127 |        0 | 007f | 0000          
 94 |         127 |     127.00 |   0.00 |      127 |        0 | 007f | 0000          
 95 |         127 |     127.00 |   0.00 |      127 |        0 | 007f | 0000          
 96 |         127 |     127.00 |   0.00 |      127 |        0 | 007f | 0000          
 97 |         127 |     127.00 |   0.00 |      127 |        0 | 007f | 0000          
 98 |         127 |     127.00 |   0.00 |      127 |        0 | 007f | 0000          
 99 |         127 |     127.00 |   0.00 |      127 |        0 | 007f | 0000          
100 |         127 |     127.00 |   0.00 |      127 |        0 | 007f | 0000          
101 |         127 |     127.00 |   0.00 |      127 |        0 | 007f | 0000          
102 |         127 |     127.00 |   0.00 |      127 |        0 | 007f | 0000          
103 |         127 |     127.00 |   0.00 |      127 |        0 | 007f | 0000          
104 |         127 |     127.00 |   0.00 |      127 |        0 | 007f | 0000          
105 |         127 |     127.00 |   0.00 |      127 |        0 | 007f | 0000          
106 |         127 |     127.00 |   0.00 |      127 |        0 | 007f | 0000          
107 |         127 |     127.00 |   0.00 |      127 |        0 | 007f | 0000          
108 |         127 |     127.00 |   0.00 |      127 |        0 | 007f | 0000          
109 |         127 |     127.00 |   0.00 |      127 |        0 | 007f | 0000          
110 |         127 |     127.00 |   0.00 |      127 |        0 | 007f | 0000          
111 |         127 |     127.00 |   0.00 |      127 |        0 | 007f | 0000          
112 |         127 |     127.00 |   0.00 |      127 |        0 | 007f | 0000          
113 |         127 |     127.00 |   0.00 |      127 |        0 | 007f | 0000          
114 |         127 |     127.00 |   0.00 |      127 |        0 | 007f | 0000          
115 |         127 |     127.00 |   0.00 |      127 |        0 | 007f | 0000          
116 |         127 |     127.00 |   0.00 |      127 |        0 | 007f | 0000          
117 |         127 |     127.00 |   0.00 |      127 |        0 | 007f | 0000          
118 |         127 |     127.00 |   0.00 |      127 |        0 | 007f | 0000          
119 |         127 |     127.00 |   0.00 |      127 |        0 | 007f | 0000          
120 |         127 |     127.00 |   0.00 |      127 |        0 | 007f | 0000          
121 |         127 |     127.00 |   0.00 |      127 |        0 | 007f | 0000          
122 |         127 |     127.00 |   0.00 |      127 |        0 | 007f | 0000          
123 |         127 |     127.00 |   0.00 |      127 |        0 | 007f | 0000          
124 |         127 |     127.00 |   0.00 |      127 |        0 | 007f | 0000          
125 |         127 |     127.00 |   0.00 |      127 |        0 | 007f | 0000          
126 |         127 |     127.00 |   0.00 |      127 |        0 | 007f | 0000          
127 |         255 |     255.00 |   0.00 |      255 |        0 | 00ff | 0000          
128 |         127 |     127.00 |   0.00 |      127 |        0 | 007f | 0000          
129 |         127 |     127.00 |   0.00 |      127 |        0 | 007f | 0000          
130 |         127 |     127.00 |   0.00 |      127 |        0 | 007f | 0000          
131 |         127 |     127.00 |   0.00 |      127 |        0 | 007f | 0000          
132 |         127 |     127.00 |   0.00 |      127 |        0 | 007f | 0000          
133 |         127 |     127.00 |   0.00 |      127 |        0 | 007f | 0000          
134 |         127 |     127.00 |   0.00 |      127 |        0 | 007f | 0000          
135 |         127 |     127.00 |   0.00 |      127 |        0 | 007f | 0000          
136 |         127 |     127.00 |   0.00 |      127 |        0 | 007f | 0000          
137 |         127 |     127.00 |   0.00 |      127 |        0 | 007f | 0000          
138 |         127 |     127.00 |   0.00 |      127 |        0 | 007f | 0000          
139 |         127 |     127.00 |   0.00 |      127 |        0 | 007f | 0000          
140 |         127 |     127.00 |   0.00 |      127 |        0 | 007f | 0000          
141 |         127 |     127.00 |   0.00 |      127 |        0 | 007f | 0000          
142 |         127 |     127.00 |   0.00 |      127 |        0 | 007f | 0000          
143 |         127 |     127.00 |   0.00 |      127 |        0 | 007f | 0000          
144 |         127 |     127.00 |   0.00 |      127 |        0 | 007f | 0000          
145 |         127 |     127.00 |   0.00 |      127 |        0 | 007f | 0000          
146 |         127 |     127.00 |   0.00 |      127 |        0 | 007f | 0000          
147 |         127 |     127.00 |   0.00 |      127 |        0 | 007f | 0000          
148 |         127 |     127.00 |   0.00 |      127 |        0 | 007f | 0000          
149 |         127 |     127.00 |   0.00 |      127 |        0 | 007f | 0000          
150 |         127 |     127.00 |   0.00 |      127 |        0 | 007f | 0000          
151 |         127 |     127.00 |   0.00 |      127 |        0 | 007f | 0000          
152 |         127 |     127.00 |   0.00 |      127 |        0 | 007f | 0000          
153 |         127 |     127.00 |   0.00 |      127 |        0 | 007f | 0000          
154 |         127 |     127.00 |   0.00 |      127 |        0 | 007f | 0000          
155 |         127 |     127.00 |   0.00 |      127 |        0 | 007f | 0000          
156 |         127 |     127.00 |   0.00 |      127 |        0 | 007f | 0000          
157 |         127 |     127.00 |   0.00 |      127 |        0 | 007f | 0000          
158 |         127 |     127.00 |   0.00 |      127 |        0 | 007f | 0000          
159 |         127 |     127.00 |   0.00 |      127 |        0 | 007f | 0000          
160 |         127 |     127.00 |   0.00 |      127 |        0 | 007f | 0000          
161 |         127 |     127.00 |   0.00 |      127 |        0 | 007f | 0000          
162 |         127 |     127.00 |   0.00 |      127 |        0 | 007f | 0000          
163 |         127 |     127.00 |   0.00 |      127 |        0 | 007f | 0000          
164 |         127 |     127.00 |   0.00 |      127 |        0 | 007f | 0000          
165 |         127 |     127.00 |   0.00 |      127 |        0 | 007f | 0000          
166 |         127 |     127.00 |   0.00 |      127 |        0 | 007f | 0000          
167 |         127 |     127.00 |   0.00 |      127 |        0 | 007f | 0000          
168 |         127 |     127.00 |   0.00 |      127 |        0 | 007f | 0000          
169 |         127 |     127.00 |   0.00 |      127 |        0 | 007f | 0000          
170 |         127 |     127.00 |   0.00 |      127 |        0 | 007f | 0000          
171 |         127 |     127.00 |   0.00 |      127 |        0 | 007f | 0000          
172 |         127 |     127.00 |   0.00 |      127 |        0 | 007f | 0000          
173 |         127 |     127.00 |   0.00 |      127 |        0 | 007f | 0000          
174 |         127 |     127.00 |   0.00 |      127 |        0 | 007f | 0000          
175 |         127 |     127.00 |   0.00 |      127 |        0 | 007f | 0000          
176 |         127 |     127.00 |   0.00 |      127 |        0 | 007f | 0000          
177 |         127 |     127.00 |   0.00 |      127 |        0 | 007f | 0000          
178 |         127 |     127.00 |   0.00 |      127 |        0 | 007f | 0000          
179 |         127 |     127.00 |   0.00 |      127 |        0 | 007f | 0000          
180 |         127 |     127.00 |   0.00 |      127 |        0 | 007f | 0000          
181 |         127 |     127.00 |   0.00 |      127 |        0 | 007f | 0000          
182 |         127 |     127.00 |   0.00 |      127 |        0 | 007f | 0000          
183 |         127 |     127.00 |   0.00 |      127 |        0 | 007f | 0000          
184 |         127 |     127.00 |   0.00 |      127 |        0 | 007f | 0000          
185 |         127 |     127.00 |   0.00 |      127 |        0 | 007f | 0000          
186 |         127 |     127.00 |   0.00 |      127 |        0 | 007f | 0000          
187 |         127 |     127.00 |   0.00 |      127 |        0 | 007f | 0000          
188 |         127 |     127.00 |   0.00 |      127 |        0 | 007f | 0000          
189 |         127 |     127.00 |   0.00 |      127 |        0 | 007f | 0000          
190 |         127 |     127.00 |   0.00 |      127 |        0 | 007f | 0000          
191 |         127 |     127.00 |   0.00 |      127 |        0 | 007f | 0000          
192 |         127 |     127.00 |   0.00 |      127 |        0 | 007f | 0000          
193 |         127 |     127.00 |   0.00 |      127 |        0 | 007f | 0000          
194 |         127 |     127.00 |   0.00 |      127 |        0 | 007f | 0000          
195 |         127 |     127.00 |   0.00 |      127 |        0 | 007f | 0000          
196 |         127 |     127.00 |   0.00 |      127 |        0 | 007f | 0000          
197 |         127 |     127.00 |   0.00 |      127 |        0 | 007f | 0000          
198 |         127 |     127.00 |   0.00 |      127 |        0 | 007f | 0000          
199 |         127 |     127.00 |   0.00 |      127 |        0 | 007f | 0000          
200 |         127 |     127.00 |   0.00 |      127 |        0 | 007f | 0000          
201 |         127 |     127.00 |   0.00 |      127 |        0 | 007f | 0000          
202 |         127 |     127.00 |   0.00 |      127 |        0 | 007f | 0000          
203 |         127 |     127.00 |   0.00 |      127 |        0 | 007f | 0000          
204 |         127 |     127.00 |   0.00 |      127 |        0 | 007f | 0000          
205 |         127 |     127.00 |   0.00 |      127 |        0 | 007f | 0000          
206 |         127 |     127.00 |   0.00 |      127 |        0 | 007f | 0000          
207 |         127 |     127.00 |   0.00 |      127 |        0 | 007f | 0000          
208 |         127 |     127.00 |   0.00 |      127 |        0 | 007f | 0000          
209 |         127 |     127.00 |   0.00 |      127 |        0 | 007f | 0000          
210 |         127 |     127.00 |   0.00 |      127 |        0 | 007f | 0000          
211 |         127 |     127.00 |   0.00 |      127 |        0 | 007f | 0000          
212 |         127 |     127.00 |   0.00 |      127 |        0 | 007f | 0000          
213 |         127 |     127.00 |   0.00 |      127 |        0 | 007f | 0000          
214 |         127 |     127.00 |   0.00 |      127 |        0 | 007f | 0000          
215 |         127 |     127.00 |   0.00 |      127 |        0 | 007f | 0000          
216 |         127 |     127.00 |   0.00 |      127 |        0 | 007f | 0000          
217 |         127 |     127.00 |   0.00 |      127 |        0 | 007f | 0000          
218 |         127 |     127.00 |   0.00 |      127 |        0 | 007f | 0000          
219 |         127 |     127.00 |   0.00 |      127 |        0 | 007f | 0000          
220 |         127 |     127.00 |   0.00 |      127 |        0 | 007f | 0000          
221 |         127 |     127.00 |   0.00 |      127 |        0 | 007f | 0000          
222 |         127 |     127.00 |   0.00 |      127 |        0 | 007f | 0000          
223 |         127 |     127.00 |   0.00 |      127 |        0 | 007f | 0000          
224 |         127 |     127.00 |   0.00 |      127 |        0 | 007f | 0000          
225 |         127 |     127.00 |   0.00 |      127 |        0 | 007f | 0000          
226 |         127 |     127.00 |   0.00 |      127 |        0 | 007f | 0000          
227 |         127 |     127.00 |   0.00 |      127 |        0 | 007f | 0000          
228 |         127 |     127.00 |   0.00 |      127 |        0 | 007f | 0000          
229 |         127 |     127.00 |   0.00 |      127 |        0 | 007f | 0000          
230 |         127 |     127.00 |   0.00 |      127 |        0 | 007f | 0000          
231 |         127 |     127.00 |   0.00 |      127 |        0 | 007f | 0000          
232 |         127 |     127.00 |   0.00 |      127 |        0 | 007f | 0000          
233 |         127 |     127.00 |   0.00 |      127 |        0 | 007f | 0000          
234 |         127 |     127.00 |   0.00 |      127 |        0 | 007f | 0000          
235 |         127 |     127.00 |   0.00 |      127 |        0 | 007f | 0000          
236 |         127 |     127.00 |   0.00 |      127 |        0 | 007f | 0000          
237 |         127 |     127.00 |   0.00 |      127 |        0 | 007f | 0000          
238 |         127 |     127.00 |   0.00 |      127 |        0 | 007f | 0000          
239 |         127 |     127.00 |   0.00 |      127 |        0 | 007f | 0000          
240 |         127 |     127.00 |   0.00 |      127 |        0 | 007f | 0000          
241 |         127 |     127.00 |   0.00 |      127 |        0 | 007f | 0000          
242 |         127 |     127.00 |   0.00 |      127 |        0 | 007f | 0000          
243 |         127 |     127.00 |   0.00 |      127 |        0 | 007f | 0000          
244 |         127 |     127.00 |   0.00 |      127 |        0 | 007f | 0000          
245 |         127 |     127.00 |   0.00 |      127 |        0 | 007f | 0000          
246 |         127 |     127.00 |   0.00 |      127 |        0 | 007f | 0000          
247 |         127 |     127.00 |   0.00 |      127 |        0 | 007f | 0000          
248 |         127 |     127.00 |   0.00 |      127 |        0 | 007f | 0000          
249 |         127 |     127.00 |   0.00 |      127 |        0 | 007f | 0000          
250 |         127 |     127.00 |   0.00 |      127 |        0 | 007f | 0000          
251 |         127 |     127.00 |   0.00 |      127 |        0 | 007f | 0000          
252 |         127 |     127.00 |   0.00 |      127 |        0 | 007f | 0000          
253 |         127 |     127.00 |   0.00 |      127 |        0 | 007f | 0000          
254 |         127 |     127.00 |   0.00 |      127 |        0 | 007f | 0000          
255 |           0 |       0.00 |   0.00 |        0 |        0 | 0000 | 0000          

=== SUMMARY ===
Peak Bin:         127
Peak Magnitude (Approx):         255
Peak Magnitude (Exact): 0.00
Average Approximation Error: 0.00%

=================================================
TEST: Cosine Wave (k=5)
=================================================

=== ALL FFT OUTPUT BINS ===
Bin | Mag(Approx) | Mag(Exact) | Error% | Real     | Imag     | Hex(Re)  | Hex(Im)
----|-------------|------------|--------|----------|----------|----------|----------
  0 |         128 |     128.00 |   0.00 |     -128 |        0 | ff80 | 0000          
  1 |         135 |     129.55 |   4.20 |     -128 |      -20 | ff80 | ffec          
  2 |         129 |     128.19 |   0.63 |     -128 |       -7 | ff80 | fff9          
  3 |           1 |       1.00 |   0.00 |       -1 |        0 | ffff | 0000          
  4 |         132 |     128.66 |   2.60 |     -128 |      -13 | ff80 | fff3          
  5 |        8078 |    8066.06 |   0.15 |     8066 |      -32 | 1f82 | ffe0  <-- PEAK
  6 |         133 |     128.41 |   3.57 |     -127 |      -19 | ff81 | ffed          
  7 |           1 |       1.41 |  29.29 |       -1 |       -1 | ffff | ffff          
  8 |         134 |     127.48 |   5.12 |     -125 |      -25 | ff83 | ffe7          
  9 |         138 |     129.69 |   6.41 |     -122 |      -44 | ff86 | ffd4          
 10 |         134 |     127.82 |   4.84 |     -124 |      -31 | ff84 | ffe1          
 11 |           1 |       1.00 |   0.00 |       -1 |        0 | ffff | 0000          
 12 |         136 |     128.44 |   5.88 |     -123 |      -37 | ff85 | ffdb          
 13 |         136 |     129.28 |   5.20 |     -117 |      -55 | ff8b | ffc9          
 14 |         136 |     128.41 |   5.91 |     -121 |      -43 | ff87 | ffd5          
 15 |           1 |       1.00 |   0.00 |       -1 |        0 | ffff | 0000          
 16 |         136 |     127.77 |   6.44 |     -118 |      -49 | ff8a | ffcf          
 17 |         135 |     129.14 |   4.54 |     -111 |      -66 | ff91 | ffbe          
 18 |         134 |     127.05 |   5.47 |     -115 |      -54 | ff8d | ffca          
 19 |           1 |       1.00 |   0.00 |       -1 |        0 | ffff | 0000          
 20 |         135 |     127.94 |   5.52 |     -113 |      -60 | ff8f | ffc4          
 21 |         132 |     129.40 |   2.01 |     -104 |      -77 | ff98 | ffb3          
 22 |         134 |     127.77 |   4.88 |     -110 |      -65 | ff92 | ffbf          
 23 |           1 |       1.00 |   0.00 |       -1 |        0 | ffff | 0000          
 24 |         131 |     127.58 |   2.68 |     -106 |      -71 | ff96 | ffb9          
 25 |         127 |     128.89 |   1.46 |      -96 |      -86 | ffa0 | ffaa          
 26 |         131 |     128.00 |   2.34 |     -103 |      -76 | ff99 | ffb4          
 27 |           1 |       1.00 |   0.00 |       -1 |        0 | ffff | 0000          
 28 |         129 |     127.91 |   0.85 |      -99 |      -81 | ff9d | ffaf          
 29 |         126 |     128.82 |   2.19 |      -87 |      -95 | ffa9 | ffa1          
 30 |         126 |     128.14 |   1.67 |      -95 |      -86 | ffa1 | ffaa          
 31 |           1 |       1.00 |   0.00 |       -1 |        0 | ffff | 0000          
 32 |         123 |     127.28 |   3.36 |      -90 |      -90 | ffa6 | ffa6          
 33 |         131 |     128.60 |   1.87 |      -77 |     -103 | ffb3 | ff99          
 34 |         125 |     127.40 |   1.89 |      -86 |      -94 | ffaa | ffa2          
 35 |           0 |       0.00 |   0.00 |        0 |        0 | 0000 | 0000          
 36 |         128 |     127.14 |   0.68 |      -81 |      -98 | ffaf | ff9e          
 37 |         135 |     129.65 |   4.12 |      -67 |     -111 | ffbd | ff91          
 38 |         130 |     127.20 |   2.20 |      -76 |     -102 | ffb4 | ff9a          
 39 |           1 |       1.41 |  29.29 |       -1 |       -1 | ffff | ffff          
 40 |         131 |     127.58 |   2.68 |      -71 |     -106 | ffb9 | ff96          
 41 |         137 |     128.81 |   6.36 |      -56 |     -116 | ffc8 | ff8c          
 42 |         133 |     126.91 |   4.80 |      -65 |     -109 | ffbf | ff93          
 43 |           1 |       1.00 |   0.00 |       -1 |        0 | ffff | 0000          
 44 |         134 |     127.53 |   5.07 |      -61 |     -112 | ffc3 | ff90          
 45 |         137 |     128.75 |   6.41 |      -44 |     -121 | ffd4 | ff87          
 46 |         134 |     127.05 |   5.47 |      -54 |     -115 | ffca | ff8d          
 47 |           0 |       0.00 |   0.00 |        0 |        0 | 0000 | 0000          
 48 |         135 |     126.85 |   6.43 |      -49 |     -117 | ffcf | ff8b          
 49 |         136 |     128.06 |   6.20 |      -32 |     -124 | ffe0 | ff84          
 50 |         135 |     127.47 |   5.91 |      -43 |     -120 | ffd5 | ff88          
 51 |           1 |       1.00 |   0.00 |       -1 |        0 | ffff | 0000          
 52 |         135 |     127.49 |   5.89 |      -37 |     -122 | ffdb | ff86          
 53 |         134 |     128.57 |   4.23 |      -20 |     -127 | ffec | ff81          
 54 |         133 |     126.85 |   4.85 |      -31 |     -123 | ffe1 | ff85          
 55 |           0 |       0.00 |   0.00 |        0 |        0 | 0000 | 0000          
 56 |         133 |     126.50 |   5.14 |      -25 |     -124 | ffe7 | ff84          
 57 |         129 |     128.14 |   0.67 |       -6 |     -128 | fffa | ff80          
 58 |         132 |     127.42 |   3.59 |      -19 |     -126 | ffed | ff82          
 59 |           1 |       1.00 |   0.00 |       -1 |        0 | ffff | 0000          
 60 |         131 |     127.66 |   2.61 |      -13 |     -127 | fff3 | ff81          
 61 |         129 |     128.14 |   0.67 |        6 |     -128 | 0006 | ff80          
 62 |         128 |     127.19 |   0.63 |       -7 |     -127 | fff9 | ff81          
 63 |           1 |       1.00 |   0.00 |       -1 |        0 | ffff | 0000          
 64 |         127 |     127.00 |   0.00 |        0 |     -127 | 0000 | ff81          
 65 |         133 |     128.27 |   3.69 |       18 |     -127 | 0012 | ff81          
 66 |         128 |     127.14 |   0.68 |        6 |     -127 | 0006 | ff81          
 67 |           0 |       0.00 |   0.00 |        0 |        0 | 0000 | 0000          
 68 |         131 |     127.57 |   2.69 |       12 |     -127 | 000c | ff81          
 69 |         135 |     128.79 |   4.82 |       31 |     -125 | 001f | ff83          
 70 |         132 |     127.42 |   3.59 |       19 |     -126 | 0013 | ff82          
 71 |           1 |       1.00 |   0.00 |        0 |       -1 | 0000 | ffff          
 72 |         133 |     126.30 |   5.30 |       24 |     -124 | 0018 | ff84          
 73 |         136 |     128.08 |   6.18 |       42 |     -121 | 002a | ff87          
 74 |         133 |     126.85 |   4.85 |       31 |     -123 | 001f | ff85          
 75 |           1 |       1.00 |   0.00 |        0 |       -1 | 0000 | ffff          
 76 |         135 |     127.49 |   5.89 |       37 |     -122 | 0025 | ff86          
 77 |         135 |     127.95 |   5.51 |       54 |     -116 | 0036 | ff8c          
 78 |         135 |     127.47 |   5.91 |       43 |     -120 | 002b | ff88          
 79 |           1 |       1.41 |  29.29 |       -1 |       -1 | ffff | ffff          
 80 |         135 |     126.46 |   6.75 |       48 |     -117 | 0030 | ff8b          
 81 |         134 |     128.28 |   4.46 |       66 |     -110 | 0042 | ff92          
 82 |         134 |     127.05 |   5.47 |       54 |     -115 | 0036 | ff8d          
 83 |           1 |       1.00 |   0.00 |       -1 |        0 | ffff | 0000          
 84 |         134 |     127.06 |   5.46 |       60 |     -112 | 003c | ff90          
 85 |         130 |     127.41 |   2.03 |       75 |     -103 | 004b | ff99          
 86 |         133 |     126.91 |   4.80 |       65 |     -109 | 0041 | ff93          
 87 |           1 |       1.00 |   0.00 |       -1 |        0 | ffff | 0000          
 88 |         131 |     127.03 |   3.13 |       70 |     -106 | 0046 | ff96          
 89 |         126 |     127.48 |   1.16 |       85 |      -95 | 0055 | ffa1          
 90 |         129 |     126.61 |   1.89 |       75 |     -102 | 004b | ff9a          
 91 |           1 |       1.41 |  29.29 |       -1 |       -1 | ffff | ffff          
 92 |         128 |     126.51 |   1.18 |       80 |      -98 | 0050 | ff9e          
 93 |         125 |     127.40 |   1.89 |       94 |      -86 | 005e | ffaa          
 94 |         125 |     126.73 |   1.37 |       85 |      -94 | 0055 | ffa2          
 95 |           1 |       1.00 |   0.00 |       -1 |        0 | ffff | 0000          
 96 |         123 |     127.28 |   3.36 |       90 |      -90 | 005a | ffa6          
 97 |         131 |     128.00 |   2.34 |      103 |      -76 | 0067 | ffb4          
 98 |         125 |     127.40 |   1.89 |       94 |      -86 | 005e | ffaa          
 99 |           0 |       0.00 |   0.00 |        0 |        0 | 0000 | 0000          
100 |         128 |     127.14 |   0.68 |       98 |      -81 | 0062 | ffaf          
101 |         133 |     127.42 |   4.38 |      109 |      -66 | 006d | ffbe          
102 |         130 |     127.20 |   2.20 |      102 |      -76 | 0066 | ffb4          
103 |           1 |       1.00 |   0.00 |        0 |       -1 | 0000 | ffff          
104 |         130 |     126.75 |   2.56 |      105 |      -71 | 0069 | ffb9          
105 |         134 |     127.05 |   5.47 |      115 |      -54 | 0073 | ffca          
106 |         133 |     127.42 |   4.38 |      109 |      -66 | 006d | ffbe          
107 |           1 |       1.00 |   0.00 |       -1 |        0 | ffff | 0000          
108 |         133 |     126.66 |   5.01 |      111 |      -61 | 006f | ffc3          
109 |         136 |     127.81 |   6.41 |      120 |      -44 | 0078 | ffd4          
110 |         133 |     126.57 |   5.08 |      114 |      -55 | 0072 | ffc9          
111 |           0 |       0.00 |   0.00 |        0 |        0 | 0000 | 0000          
112 |         135 |     126.46 |   6.75 |      117 |      -48 | 0075 | ffd0          
113 |         134 |     127.82 |   4.84 |      124 |      -31 | 007c | ffe1          
114 |         134 |     126.53 |   5.90 |      119 |      -43 | 0077 | ffd5          
115 |           0 |       0.00 |   0.00 |        0 |        0 | 0000 | 0000          
116 |         135 |     127.49 |   5.89 |      122 |      -37 | 007a | ffdb          
117 |         132 |     127.42 |   3.59 |      126 |      -19 | 007e | ffed          
118 |         133 |     126.85 |   4.85 |      123 |      -31 | 007b | ffe1          
119 |           0 |       0.00 |   0.00 |        0 |        0 | 0000 | 0000          
120 |         133 |     126.50 |   5.14 |      124 |      -25 | 007c | ffe7          
121 |         128 |     127.14 |   0.68 |      127 |       -6 | 007f | fffa          
122 |         132 |     127.42 |   3.59 |      126 |      -19 | 007e | ffed          
123 |           1 |       1.00 |   0.00 |       -1 |        0 | ffff | 0000          
124 |         130 |     126.67 |   2.63 |      126 |      -13 | 007e | fff3          
125 |         128 |     127.14 |   0.68 |      127 |        6 | 007f | 0006          
126 |         128 |     127.19 |   0.63 |      127 |       -7 | 007f | fff9          
127 |           1 |       1.41 |  29.29 |       -1 |       -1 | ffff | ffff          
128 |         127 |     127.00 |   0.00 |      127 |        0 | 007f | 0000          
129 |         133 |     128.41 |   3.57 |      127 |       19 | 007f | 0013          
130 |         128 |     127.14 |   0.68 |      127 |        6 | 007f | 0006          
131 |           0 |       0.00 |   0.00 |        0 |        0 | 0000 | 0000          
132 |         130 |     126.57 |   2.71 |      126 |       12 | 007e | 000c          
133 |         134 |     127.82 |   4.84 |      124 |       31 | 007c | 001f          
134 |         131 |     126.29 |   3.73 |      125 |       18 | 007d | 0012          
135 |           1 |       1.00 |   0.00 |        0 |       -1 | 0000 | ffff          
136 |         133 |     126.30 |   5.30 |      124 |       24 | 007c | 0018          
137 |         135 |     127.47 |   5.91 |      120 |       43 | 0078 | 002b          
138 |         133 |     126.85 |   4.85 |      123 |       31 | 007b | 001f          
139 |           1 |       1.00 |   0.00 |       -1 |        0 | ffff | 0000          
140 |         134 |     126.24 |   6.15 |      121 |       36 | 0079 | 0024          
141 |         135 |     127.95 |   5.51 |      116 |       54 | 0074 | 0036          
142 |         134 |     126.19 |   6.19 |      119 |       42 | 0077 | 002a          
143 |           0 |       0.00 |   0.00 |        0 |        0 | 0000 | 0000          
144 |         135 |     126.46 |   6.75 |      117 |       48 | 0075 | 0030          
145 |         133 |     127.42 |   4.38 |      109 |       66 | 006d | 0042          
146 |         133 |     126.14 |   5.44 |      114 |       54 | 0072 | 0036          
147 |           0 |       0.00 |   0.00 |        0 |        0 | 0000 | 0000          
148 |         134 |     127.06 |   5.46 |      112 |       60 | 0070 | 003c          
149 |         131 |     128.00 |   2.34 |      103 |       76 | 0067 | 004c          
150 |         133 |     126.91 |   4.80 |      109 |       65 | 006d | 0041          
151 |           1 |       1.00 |   0.00 |       -1 |        0 | ffff | 0000          
152 |         130 |     126.75 |   2.56 |      105 |       71 | 0069 | 0047          
153 |         126 |     128.14 |   1.67 |       95 |       86 | 005f | 0056          
154 |         128 |     125.80 |   1.75 |      101 |       75 | 0065 | 004b          
155 |           1 |       1.00 |   0.00 |       -1 |        0 | ffff | 0000          
156 |         128 |     126.51 |   1.18 |       98 |       80 | 0062 | 0050          
157 |         125 |     127.40 |   1.89 |       86 |       94 | 0056 | 005e          
158 |         124 |     125.99 |   1.58 |       93 |       85 | 005d | 0055          
159 |           1 |       1.00 |   0.00 |        0 |       -1 | 0000 | ffff          
160 |         123 |     127.28 |   3.36 |       90 |       90 | 005a | 005a          
161 |         131 |     128.60 |   1.87 |       77 |      103 | 004d | 0067          
162 |         125 |     126.73 |   1.37 |       85 |       94 | 0055 | 005e          
163 |           0 |       0.00 |   0.00 |        0 |        0 | 0000 | 0000          
164 |         128 |     127.14 |   0.68 |       81 |       98 | 0051 | 0062          
165 |         133 |     126.91 |   4.80 |       65 |      109 | 0041 | 006d          
166 |         129 |     126.40 |   2.06 |       76 |      101 | 004c | 0065          
167 |           1 |       1.41 |  29.29 |       -1 |       -1 | ffff | ffff          
168 |         130 |     126.75 |   2.56 |       71 |      105 | 0047 | 0069          
169 |         134 |     127.48 |   5.12 |       55 |      115 | 0037 | 0073          
170 |         133 |     126.91 |   4.80 |       65 |      109 | 0041 | 006d          
171 |           1 |       1.41 |  29.29 |       -1 |       -1 | ffff | ffff          
172 |         134 |     127.06 |   5.46 |       60 |      112 | 003c | 0070          
173 |         134 |     126.53 |   5.90 |       43 |      119 | 002b | 0077          
174 |         133 |     126.14 |   5.44 |       54 |      114 | 0036 | 0072          
175 |           1 |       1.00 |   0.00 |        0 |       -1 | 0000 | ffff          
176 |         135 |     126.85 |   6.43 |       49 |      117 | 0031 | 0075          
177 |         134 |     127.82 |   4.84 |       31 |      124 | 001f | 007c          
178 |         134 |     126.53 |   5.90 |       43 |      119 | 002b | 0077          
179 |           0 |       0.00 |   0.00 |        0 |        0 | 0000 | 0000          
180 |         134 |     126.53 |   5.90 |       37 |      121 | 0025 | 0079          
181 |         132 |     127.28 |   3.71 |       18 |      126 | 0012 | 007e          
182 |         133 |     126.85 |   4.85 |       31 |      123 | 001f | 007b          
183 |           0 |       0.00 |   0.00 |        0 |        0 | 0000 | 0000          
184 |         133 |     126.30 |   5.30 |       24 |      124 | 0018 | 007c          
185 |         129 |     128.14 |   0.67 |        6 |      128 | 0006 | 0080          
186 |         131 |     126.44 |   3.61 |       19 |      125 | 0013 | 007d          
187 |           1 |       1.00 |   0.00 |       -1 |        0 | ffff | 0000          
188 |         130 |     126.57 |   2.71 |       12 |      126 | 000c | 007e          
189 |         129 |     128.14 |   0.67 |       -6 |      128 | fffa | 0080          
190 |         127 |     126.14 |   0.68 |        6 |      126 | 0006 | 007e          
191 |           1 |       1.00 |   0.00 |        0 |       -1 | 0000 | ffff          
192 |         127 |     127.00 |   0.00 |        0 |      127 | 0000 | 007f          
193 |         132 |     127.42 |   3.59 |      -19 |      126 | ffed | 007e          
194 |         127 |     126.19 |   0.64 |       -7 |      126 | fff9 | 007e          
195 |           0 |       0.00 |   0.00 |        0 |        0 | 0000 | 0000          
196 |         130 |     126.67 |   2.63 |      -13 |      126 | fff3 | 007e          
197 |         133 |     126.85 |   4.85 |      -31 |      123 | ffe1 | 007b          
198 |         131 |     126.44 |   3.61 |      -19 |      125 | ffed | 007d          
199 |           1 |       1.00 |   0.00 |        0 |       -1 | 0000 | ffff          
200 |         133 |     126.50 |   5.14 |      -25 |      124 | ffe7 | 007c          
201 |         135 |     127.47 |   5.91 |      -43 |      120 | ffd5 | 0078          
202 |         133 |     126.85 |   4.85 |      -31 |      123 | ffe1 | 007b          
203 |           1 |       1.00 |   0.00 |        0 |       -1 | 0000 | ffff          
204 |         134 |     126.53 |   5.90 |      -37 |      121 | ffdb | 0079          
205 |         134 |     127.48 |   5.12 |      -55 |      115 | ffc9 | 0073          
206 |         134 |     126.53 |   5.90 |      -43 |      119 | ffd5 | 0077          
207 |           1 |       1.00 |   0.00 |        0 |       -1 | 0000 | ffff          
208 |         135 |     126.85 |   6.43 |      -49 |      117 | ffcf | 0075          
209 |         133 |     127.42 |   4.38 |      -66 |      109 | ffbe | 006d          
210 |         133 |     126.14 |   5.44 |      -54 |      114 | ffca | 0072          
211 |           0 |       0.00 |   0.00 |        0 |        0 | 0000 | 0000          
212 |         133 |     126.18 |   5.41 |      -60 |      111 | ffc4 | 006f          
213 |         129 |     127.00 |   1.57 |      -77 |      101 | ffb3 | 0065          
214 |         132 |     126.57 |   4.29 |      -66 |      108 | ffbe | 006c          
215 |           1 |       1.00 |   0.00 |        0 |       -1 | 0000 | ffff          
216 |         130 |     126.75 |   2.56 |      -71 |      105 | ffb9 | 0069          
217 |         125 |     127.40 |   1.89 |      -86 |       94 | ffaa | 005e          
218 |         129 |     127.00 |   1.57 |      -77 |      101 | ffb3 | 0065          
219 |           1 |       1.41 |  29.29 |       -1 |       -1 | ffff | ffff          
220 |         128 |     127.14 |   0.68 |      -81 |       98 | ffaf | 0062          
221 |         126 |     127.48 |   1.16 |      -95 |       85 | ffa1 | 0055          
222 |         125 |     127.40 |   1.89 |      -86 |       94 | ffaa | 005e          
223 |           1 |       1.00 |   0.00 |        0 |       -1 | 0000 | ffff          
224 |         123 |     127.28 |   3.36 |      -90 |       90 | ffa6 | 005a          
225 |         131 |     128.00 |   2.34 |     -103 |       76 | ff99 | 004c          
226 |         125 |     126.73 |   1.37 |      -94 |       85 | ffa2 | 0055          
227 |           0 |       0.00 |   0.00 |        0 |        0 | 0000 | 0000          
228 |         129 |     127.28 |   1.35 |      -99 |       80 | ff9d | 0050          
229 |         134 |     127.77 |   4.88 |     -110 |       65 | ff92 | 0041          
230 |         129 |     126.61 |   1.89 |     -102 |       75 | ff9a | 004b          
231 |           1 |       1.00 |   0.00 |        0 |       -1 | 0000 | ffff          
232 |         131 |     127.03 |   3.13 |     -106 |       70 | ff96 | 0046          
233 |         135 |     127.95 |   5.51 |     -116 |       54 | ff8c | 0036          
234 |         133 |     126.40 |   5.22 |     -109 |       64 | ff93 | 0040          
235 |           1 |       1.41 |  29.29 |       -1 |       -1 | ffff | ffff          
236 |         134 |     127.48 |   5.12 |     -113 |       59 | ff8f | 003b          
237 |         136 |     128.08 |   6.18 |     -121 |       42 | ff87 | 002a          
238 |         134 |     126.63 |   5.82 |     -115 |       53 | ff8d | 0035          
239 |           1 |       1.00 |   0.00 |        0 |       -1 | 0000 | ffff          
240 |         136 |     127.39 |   6.76 |     -118 |       48 | ff8a | 0030          
241 |         134 |     127.82 |   4.84 |     -124 |       31 | ff84 | 001f          
242 |         136 |     128.08 |   6.18 |     -121 |       42 | ff87 | 002a          
243 |           1 |       1.00 |   0.00 |        0 |       -1 | 0000 | ffff          
244 |         135 |     127.20 |   6.13 |     -122 |       36 | ff86 | 0024          
245 |         133 |     128.27 |   3.69 |     -127 |       18 | ff81 | 0012          
246 |         134 |     127.58 |   5.03 |     -124 |       30 | ff84 | 001e          
247 |           1 |       1.00 |   0.00 |        0 |       -1 | 0000 | ffff          
248 |         134 |     127.28 |   5.28 |     -125 |       24 | ff83 | 0018          
249 |         130 |     129.10 |   0.70 |     -129 |        5 | ff7f | 0005          
250 |         132 |     127.14 |   3.82 |     -126 |       17 | ff82 | 0011          
251 |        8191 |    8191.00 |   0.00 |     8191 |       -1 | 1fff | ffff  <-- PEAK
252 |         131 |     128.47 |   1.97 |     -128 |       11 | ff80 | 000b          
253 |         132 |     129.25 |   2.13 |     -129 |       -8 | ff7f | fff8          
254 |         129 |     128.10 |   0.70 |     -128 |        5 | ff80 | 0005          
255 |       16260 |   16260.00 |   0.00 |    16260 |        0 | 3f84 | 0000  <-- PEAK

=== SUMMARY ===
Peak Bin:         255
Peak Magnitude (Approx):       16260
Peak Magnitude (Exact): 16260.00
Average Approximation Error: 4.08%

=================================================
COMPACT VIEW - ALL TESTS
=================================================

=================================================
TEST: DC Signal (Input 0.5)
=================================================

=== FFT MAGNITUDE SPECTRUM (16 bins per row) ===

Bin   0- 15: 16128     0   258     0   262     0   265     0   268     0   269     0   271     0   272     0 
Bin  16- 31:   271     0   271     0   270     0   267     0   264     0   261     0   258     0   254     0 
Bin  32- 47:   248     0   254     0   258     0   260     0   264     0   267     0   269     0   271     0 
Bin  48- 63:   272     0   272     0   272     0   270     0   269     0   266     0   264     0   260     0 
Bin  64- 79:   256     0   260     0   263     0   266     0   269     0   270     0   271     0   272     0 
Bin  80- 95:   272     0   271     0   271     0   268     0   265     0   262     0   258     0   254     0 
Bin  96-111:   248     0   254     0   258     0   263     0   265     0   269     0   272     0   272     0 
Bin 112-127:   273     0   272     0   273     0   271     0   269     0   267     0   264     0   260     0 
Bin 128-143:   256     0   260     0   264     0   267     0   269     0   270     0   272     0   272     0 
Bin 144-159:   273     0   271     0   271     0   269     0   265     0   263     0   258     0   254     0 
Bin 160-175:   249     0   254     0   258     0   263     0   266     0   269     0   272     0   272     0 
Bin 176-191:   273     0   272     0   272     0   271     0   269     0   267     0   264     0   260     0 
Bin 192-207:   256     0   260     0   264     0   267     0   269     0   271     0   273     0   272     0 
Bin 208-223:   273     0   272     0   272     0   269     0   266     0   264     0   258     0   254     0 
Bin 224-239:   249     0   254     0   258     0   262     0   265     0   269     0   270     0   271     0 
Bin 240-255:   271     0   272     0   273     0   272     0   268     0   266     0   262     0   258 16384 


=================================================
TEST: Impulse (Input 1.0)
=================================================

=== FFT MAGNITUDE SPECTRUM (16 bins per row) ===

Bin   0- 15:   127   127   127   127   127   127   127   127   127   127   127   127   127   127   127   127 
Bin  16- 31:   127   127   127   127   127   127   127   127   127   127   127   127   127   127   127   127 
Bin  32- 47:   127   127   127   127   127   127   127   127   127   127   127   127   127   127   127   127 
Bin  48- 63:   127   127   127   127   127   127   127   127   127   127   127   127   127   127   127   127 
Bin  64- 79:   127   127   127   127   127   127   127   127   127   127   127   127   127   127   127   127 
Bin  80- 95:   127   127   127   127   127   127   127   127   127   127   127   127   127   127   127   127 
Bin  96-111:   127   127   127   127   127   127   127   127   127   127   127   127   127   127   127   127 
Bin 112-127:   127   127   127   127   127   127   127   127   127   127   127   127   127   127   127   255 
Bin 128-143:   127   127   127   127   127   127   127   127   127   127   127   127   127   127   127   127 
Bin 144-159:   127   127   127   127   127   127   127   127   127   127   127   127   127   127   127   127 
Bin 160-175:   127   127   127   127   127   127   127   127   127   127   127   127   127   127   127   127 
Bin 176-191:   127   127   127   127   127   127   127   127   127   127   127   127   127   127   127   127 
Bin 192-207:   127   127   127   127   127   127   127   127   127   127   127   127   127   127   127   127 
Bin 208-223:   127   127   127   127   127   127   127   127   127   127   127   127   127   127   127   127 
Bin 224-239:   127   127   127   127   127   127   127   127   127   127   127   127   127   127   127   127 
Bin 240-255:   127   127   127   127   127   127   127   127   127   127   127   127   127   127   127     0 


=================================================
TEST: Cosine Wave (k=5)
=================================================

=== FFT MAGNITUDE SPECTRUM (16 bins per row) ===

Bin   0- 15:   128   135   129     1   132  8078   133     1   134   138   134     1   136   136   136     1 
Bin  16- 31:   136   135   134     1   135   132   134     1   131   127   131     1   129   126   126     1 
Bin  32- 47:   123   131   125     0   128   135   130     1   131   137   133     1   134   137   134     0 
Bin  48- 63:   135   136   135     1   135   134   133     0   133   129   132     1   131   129   128     1 
Bin  64- 79:   127   133   128     0   131   135   132     1   133   136   133     1   135   135   135     1 
Bin  80- 95:   135   134   134     1   134   130   133     1   131   126   129     1   128   125   125     1 
Bin  96-111:   123   131   125     0   128   133   130     1   130   134   133     1   133   136   133     0 
Bin 112-127:   135   134   134     0   135   132   133     0   133   128   132     1   130   128   128     1 
Bin 128-143:   127   133   128     0   130   134   131     1   133   135   133     1   134   135   134     0 
Bin 144-159:   135   133   133     0   134   131   133     1   130   126   128     1   128   125   124     1 
Bin 160-175:   123   131   125     0   128   133   129     1   130   134   133     1   134   134   133     1 
Bin 176-191:   135   134   134     0   134   132   133     0   133   129   131     1   130   129   127     1 
Bin 192-207:   127   132   127     0   130   133   131     1   133   135   133     1   134   134   134     1 
Bin 208-223:   135   133   133     0   133   129   132     1   130   125   129     1   128   126   125     1 
Bin 224-239:   123   131   125     0   129   134   129     1   131   135   133     1   134   136   134     1 
Bin 240-255:   136   134   136     1   135   133   134     1   134   130   132  8191   131   132   129 16260 