Copyright 1986-2022 Xilinx, Inc. All Rights Reserved.
------------------------------------------------------------------------------------
| Tool Version : Vivado v.2022.2 (win64) Build 3671981 Fri Oct 14 05:00:03 MDT 2022
| Date         : Tue Dec  2 20:28:39 2025
| Host         : kcsZenbook running 64-bit major release  (build 9200)
| Command      : report_control_sets -verbose -file top_control_sets_placed.rpt
| Design       : top
| Device       : xc7s50
------------------------------------------------------------------------------------

Control Set Information

Table of Contents
-----------------
1. Summary
2. Histogram
3. Flip-Flop Distribution
4. Detailed Control Set Information

1. Summary
----------

+----------------------------------------------------------+-------+
|                          Status                          | Count |
+----------------------------------------------------------+-------+
| Total control sets                                       |    16 |
|    Minimum number of control sets                        |    16 |
|    Addition due to synthesis replication                 |     0 |
|    Addition due to physical synthesis replication        |     0 |
| Unused register locations in slices containing registers |    39 |
+----------------------------------------------------------+-------+
* Control sets can be merged at opt_design using control_set_merge or merge_equivalent_drivers
** Run report_qor_suggestions for automated merging and remapping suggestions


2. Histogram
------------

+--------------------+-------+
|       Fanout       | Count |
+--------------------+-------+
| Total control sets |    16 |
| >= 0 to < 4        |     0 |
| >= 4 to < 6        |     1 |
| >= 6 to < 8        |     0 |
| >= 8 to < 10       |     6 |
| >= 10 to < 12      |     1 |
| >= 12 to < 14      |     1 |
| >= 14 to < 16      |     0 |
| >= 16              |     7 |
+--------------------+-------+
* Control sets can be remapped at either synth_design or opt_design


3. Flip-Flop Distribution
-------------------------

+--------------+-----------------------+------------------------+-----------------+--------------+
| Clock Enable | Synchronous Set/Reset | Asynchronous Set/Reset | Total Registers | Total Slices |
+--------------+-----------------------+------------------------+-----------------+--------------+
| No           | No                    | No                     |             172 |           56 |
| No           | No                    | Yes                    |              54 |           24 |
| No           | Yes                   | No                     |              49 |           19 |
| Yes          | No                    | No                     |             208 |           52 |
| Yes          | No                    | Yes                    |              10 |            4 |
| Yes          | Yes                   | No                     |              60 |           17 |
+--------------+-----------------------+------------------------+-----------------+--------------+


4. Detailed Control Set Information
-----------------------------------

+-----------------------+----------------------------------------+---------------------------------------+------------------+----------------+--------------+
|      Clock Signal     |              Enable Signal             |            Set/Reset Signal           | Slice Load Count | Bel Load Count | Bels / Slice |
+-----------------------+----------------------------------------+---------------------------------------+------------------+----------------+--------------+
|  CLK_100MHZ_IBUF_BUFG | fft_core/ctrl/drain_count[3]_i_1_n_0   | fft_core/ctrl/bbstub_locked           |                1 |              4 |         4.00 |
|  CLK_100MHZ_IBUF_BUFG | fft_core/ctrl/E[0]                     | fft_core/ctrl/bbstub_locked           |                3 |              8 |         2.67 |
|  CLK_100MHZ_IBUF_BUFG | fft_ctrl/fft_load_addr[7]_i_1_n_0      | fft_core/ctrl/bbstub_locked           |                2 |              8 |         4.00 |
|  CLK_100MHZ_IBUF_BUFG | fft_ctrl/load_count[7]_i_1_n_0         | fft_core/ctrl/bbstub_locked           |                4 |              8 |         2.00 |
|  CLK_100MHZ_IBUF_BUFG | fft_ctrl/sample_read_addr[7]_i_1_n_0   | fft_core/ctrl/bbstub_locked           |                2 |              8 |         4.00 |
|  CLK_100MHZ_IBUF_BUFG | fft_ctrl/read_count[7]_i_1_n_0         | fft_core/ctrl/bbstub_locked           |                2 |              8 |         4.00 |
|  clk_gen/inst/clk_25  |                                        | graph_mapper/bar_height_q3[8]_i_1_n_0 |                3 |              9 |         3.00 |
|  clk_gen/inst/clk_25  | vga_ctrl/vc                            | fft_core/ctrl/bbstub_locked           |                4 |             10 |         2.50 |
|  clk_gen/inst/clk_25  |                                        | fft_core/ctrl/bbstub_locked           |                3 |             12 |         4.00 |
|  CLK_100MHZ_IBUF_BUFG | fft_core/ctrl/bf_count[8]_i_1_n_0      | fft_core/ctrl/bbstub_locked           |                3 |             16 |         5.33 |
|  CLK_100MHZ_IBUF_BUFG | fft_ctrl/display_write_addr[7]_i_1_n_0 |                                       |                6 |             24 |         4.00 |
|  CLK_100MHZ_IBUF_BUFG |                                        | fft_core/ctrl/bbstub_locked           |               16 |             40 |         2.50 |
|  clk_gen/inst/clk_25  |                                        | hdmi_tx/inst/encr/AR[0]               |               21 |             42 |         2.00 |
|  CLK_100MHZ_IBUF_BUFG |                                        |                                       |               25 |             99 |         3.96 |
|  clk_gen/inst/clk_25  |                                        |                                       |               34 |            117 |         3.44 |
|  CLK_100MHZ_IBUF_BUFG | clk_gen/inst/locked                    |                                       |               46 |            216 |         4.70 |
+-----------------------+----------------------------------------+---------------------------------------+------------------+----------------+--------------+


